Component: ARM Compiler 5.06 update 7 (build 960) Tool: armlink [4d3601]

==============================================================================

Section Cross References

    startup_stm32f429xx.o(STACK) refers (Special) to heapauxi.o(.text) for __use_two_region_memory
    startup_stm32f429xx.o(HEAP) refers (Special) to heapauxi.o(.text) for __use_two_region_memory
    startup_stm32f429xx.o(RESET) refers (Special) to heapauxi.o(.text) for __use_two_region_memory
    startup_stm32f429xx.o(RESET) refers to startup_stm32f429xx.o(STACK) for __initial_sp
    startup_stm32f429xx.o(RESET) refers to startup_stm32f429xx.o(.text) for Reset_Handler
    startup_stm32f429xx.o(RESET) refers to stm32f4xx_it.o(i.NMI_Handler) for NMI_Handler
    startup_stm32f429xx.o(RESET) refers to stm32f4xx_it.o(i.HardFault_Handler) for HardFault_Handler
    startup_stm32f429xx.o(RESET) refers to stm32f4xx_it.o(i.MemManage_Handler) for MemManage_Handler
    startup_stm32f429xx.o(RESET) refers to stm32f4xx_it.o(i.BusFault_Handler) for BusFault_Handler
    startup_stm32f429xx.o(RESET) refers to stm32f4xx_it.o(i.UsageFault_Handler) for UsageFault_Handler
    startup_stm32f429xx.o(RESET) refers to stm32f4xx_it.o(i.SVC_Handler) for SVC_Handler
    startup_stm32f429xx.o(RESET) refers to stm32f4xx_it.o(i.DebugMon_Handler) for DebugMon_Handler
    startup_stm32f429xx.o(RESET) refers to stm32f4xx_it.o(i.PendSV_Handler) for PendSV_Handler
    startup_stm32f429xx.o(RESET) refers to stm32f4xx_it.o(i.SysTick_Handler) for SysTick_Handler
    startup_stm32f429xx.o(RESET) refers to stm32f4xx_it.o(i.TIM6_DAC_IRQHandler) for TIM6_DAC_IRQHandler
    startup_stm32f429xx.o(RESET) refers to stm32f4xx_it.o(i.LTDC_IRQHandler) for LTDC_IRQHandler
    startup_stm32f429xx.o(RESET) refers to stm32f4xx_it.o(i.DMA2D_IRQHandler) for DMA2D_IRQHandler
    startup_stm32f429xx.o(.text) refers (Special) to heapauxi.o(.text) for __use_two_region_memory
    startup_stm32f429xx.o(.text) refers to system_stm32f4xx.o(i.SystemInit) for SystemInit
    startup_stm32f429xx.o(.text) refers to __main.o(!!!main) for __main
    startup_stm32f429xx.o(.text) refers to startup_stm32f429xx.o(HEAP) for Heap_Mem
    startup_stm32f429xx.o(.text) refers to startup_stm32f429xx.o(STACK) for Stack_Mem
    lcd_tft.o(i.Enviar_Mensaje) refers to stm32f429i_discovery_lcd.o(i.BSP_LCD_DisplayStringAtLine) for BSP_LCD_DisplayStringAtLine
    lcd_tft.o(i.Enviar_Mensaje) refers to lcd_tft.o(.bss) for .bss
    lcd_tft.o(i.Enviar_Mensaje) refers to lcd_tft.o(.data) for .data
    redirect.o(.rev16_text) refers (Special) to use_no_semi.o(.text) for __use_no_semihosting_swi
    redirect.o(.revsh_text) refers (Special) to use_no_semi.o(.text) for __use_no_semihosting_swi
    redirect.o(.rrx_text) refers (Special) to use_no_semi.o(.text) for __use_no_semihosting_swi
    redirect.o(i._sys_exit) refers (Special) to use_no_semi.o(.text) for __use_no_semihosting_swi
    redirect.o(i.fputc) refers (Special) to use_no_semi.o(.text) for __use_no_semihosting_swi
    redirect.o(i.fputc) refers to lcd_tft.o(i.Enviar_Mensaje) for Enviar_Mensaje
    redirect.o(.data) refers (Special) to use_no_semi.o(.text) for __use_no_semihosting_swi
    main.o(i.HAL_TIM_PeriodElapsedCallback) refers to stm32f4xx_hal.o(i.HAL_IncTick) for HAL_IncTick
    main.o(i.SystemClock_Config) refers to rt_memclr_w.o(.text) for __aeabi_memclr4
    main.o(i.SystemClock_Config) refers to stm32f4xx_hal_rcc.o(i.HAL_RCC_OscConfig) for HAL_RCC_OscConfig
    main.o(i.SystemClock_Config) refers to stm32f4xx_hal_pwr_ex.o(i.HAL_PWREx_EnableOverDrive) for HAL_PWREx_EnableOverDrive
    main.o(i.SystemClock_Config) refers to stm32f4xx_hal_rcc.o(i.HAL_RCC_ClockConfig) for HAL_RCC_ClockConfig
    main.o(i.main) refers to stm32f4xx_hal.o(i.HAL_Init) for HAL_Init
    main.o(i.main) refers to main.o(i.SystemClock_Config) for SystemClock_Config
    main.o(i.main) refers to gpio.o(i.MX_GPIO_Init) for MX_GPIO_Init
    main.o(i.main) refers to crc.o(i.MX_CRC_Init) for MX_CRC_Init
    main.o(i.main) refers to dma2d.o(i.MX_DMA2D_Init) for MX_DMA2D_Init
    main.o(i.main) refers to fmc.o(i.MX_FMC_Init) for MX_FMC_Init
    main.o(i.main) refers to i2c.o(i.MX_I2C3_Init) for MX_I2C3_Init
    main.o(i.main) refers to ltdc.o(i.MX_LTDC_Init) for MX_LTDC_Init
    main.o(i.main) refers to spi.o(i.MX_SPI5_Init) for MX_SPI5_Init
    main.o(i.main) refers to tim.o(i.MX_TIM1_Init) for MX_TIM1_Init
    main.o(i.main) refers to usart.o(i.MX_USART1_UART_Init) for MX_USART1_UART_Init
    main.o(i.main) refers to stm32f429i_discovery_sdram.o(i.BSP_SDRAM_Init) for BSP_SDRAM_Init
    main.o(i.main) refers to stm32f429i_discovery_lcd.o(i.BSP_LCD_Init) for BSP_LCD_Init
    main.o(i.main) refers to stm32f429i_discovery_lcd.o(i.BSP_LCD_LayerDefaultInit) for BSP_LCD_LayerDefaultInit
    main.o(i.main) refers to stm32f429i_discovery_lcd.o(i.BSP_LCD_SelectLayer) for BSP_LCD_SelectLayer
    main.o(i.main) refers to stm32f429i_discovery_lcd.o(i.BSP_LCD_DisplayOn) for BSP_LCD_DisplayOn
[...]
    i.I2C_RequestMemoryRead                  0x08005858   Section        0  stm32f4xx_hal_i2c.o(i.I2C_RequestMemoryRead)
    I2C_RequestMemoryRead                    0x08005859   Thumb Code   246  stm32f4xx_hal_i2c.o(i.I2C_RequestMemoryRead)
    i.I2C_RequestMemoryWrite                 0x08005954   Section        0  stm32f4xx_hal_i2c.o(i.I2C_RequestMemoryWrite)
    I2C_RequestMemoryWrite                   0x08005955   Thumb Code   162  stm32f4xx_hal_i2c.o(i.I2C_RequestMemoryWrite)
    i.I2C_WaitOnBTFFlagUntilTimeout          0x080059fc   Section        0  stm32f4xx_hal_i2c.o(i.I2C_WaitOnBTFFlagUntilTimeout)
    I2C_WaitOnBTFFlagUntilTimeout            0x080059fd   Thumb Code    76  stm32f4xx_hal_i2c.o(i.I2C_WaitOnBTFFlagUntilTimeout)
    i.I2C_WaitOnFlagUntilTimeout             0x08005a48   Section        0  stm32f4xx_hal_i2c.o(i.I2C_WaitOnFlagUntilTimeout)
    I2C_WaitOnFlagUntilTimeout               0x08005a49   Thumb Code   104  stm32f4xx_hal_i2c.o(i.I2C_WaitOnFlagUntilTimeout)
    i.I2C_WaitOnMasterAddressFlagUntilTimeout 0x08005ab0   Section        0  stm32f4xx_hal_i2c.o(i.I2C_WaitOnMasterAddressFlagUntilTimeout)
    I2C_WaitOnMasterAddressFlagUntilTimeout  0x08005ab1   Thumb Code   150  stm32f4xx_hal_i2c.o(i.I2C_WaitOnMasterAddressFlagUntilTimeout)
    i.I2C_WaitOnRXNEFlagUntilTimeout         0x08005b46   Section        0  stm32f4xx_hal_i2c.o(i.I2C_WaitOnRXNEFlagUntilTimeout)
    I2C_WaitOnRXNEFlagUntilTimeout           0x08005b47   Thumb Code   102  stm32f4xx_hal_i2c.o(i.I2C_WaitOnRXNEFlagUntilTimeout)
    i.I2C_WaitOnTXEFlagUntilTimeout          0x08005bac   Section        0  stm32f4xx_hal_i2c.o(i.I2C_WaitOnTXEFlagUntilTimeout)
    I2C_WaitOnTXEFlagUntilTimeout            0x08005bad   Thumb Code    76  stm32f4xx_hal_i2c.o(i.I2C_WaitOnTXEFlagUntilTimeout)
    i.I2Cx_Error                             0x08005bf8   Section        0  stm32f429i_discovery.o(i.I2Cx_Error)
    I2Cx_Error                               0x08005bf9   Thumb Code    16  stm32f429i_discovery.o(i.I2Cx_Error)
    i.I2Cx_Init                              0x08005c0c   Section        0  stm32f429i_discovery.o(i.I2Cx_Init)
    I2Cx_Init                                0x08005c0d   Thumb Code    58  stm32f429i_discovery.o(i.I2Cx_Init)
    i.I2Cx_MspInit                           0x08005c54   Section        0  stm32f429i_discovery.o(i.I2Cx_MspInit)
    I2Cx_MspInit                             0x08005c55   Thumb Code   166  stm32f429i_discovery.o(i.I2Cx_MspInit)
    i.IOE_Delay                              0x08005d0c   Section        0  stm32f429i_discovery.o(i.IOE_Delay)
    i.IOE_ITConfig                           0x08005d10   Section        0  stm32f429i_discovery.o(i.IOE_ITConfig)
    i.IOE_Init                               0x08005d60   Section        0  stm32f429i_discovery.o(i.IOE_Init)
    i.IOE_Read                               0x08005d64   Section        0  stm32f429i_discovery.o(i.IOE_Read)
    i.IOE_ReadMultiple                       0x08005d98   Section        0  stm32f429i_discovery.o(i.IOE_ReadMultiple)
    i.IOE_Write                              0x08005dc8   Section        0  stm32f429i_discovery.o(i.IOE_Write)
    i.LCD_Delay                              0x08005df8   Section        0  stm32f429i_discovery.o(i.LCD_Delay)
    i.LCD_IO_Init                            0x08005dfc   Section        0  stm32f429i_discovery.o(i.LCD_IO_Init)
    i.LCD_IO_ReadData                        0x08005ea4   Section        0  stm32f429i_discovery.o(i.LCD_IO_ReadData)
    i.LCD_IO_WriteData                       0x08005f10   Section        0  stm32f429i_discovery.o(i.LCD_IO_WriteData)
    i.LCD_IO_WriteReg                        0x08005f48   Section        0  stm32f429i_discovery.o(i.LCD_IO_WriteReg)
    i.LTDC_IRQHandler                        0x08005f80   Section        0  stm32f4xx_it.o(i.LTDC_IRQHandler)
    i.LTDC_SetConfig                         0x08005f8c   Section        0  stm32f4xx_hal_ltdc.o(i.LTDC_SetConfig)
    LTDC_SetConfig                           0x08005f8d   Thumb Code   354  stm32f4xx_hal_ltdc.o(i.LTDC_SetConfig)
    i.MX_CRC_Init                            0x080060f0   Section        0  crc.o(i.MX_CRC_Init)
    i.MX_DMA2D_Init                          0x08006114   Section        0  dma2d.o(i.MX_DMA2D_Init)
    i.MX_FMC_Init                            0x08006154   Section        0  fmc.o(i.MX_FMC_Init)
    i.MX_GPIO_Init                           0x080061bc   Section        0  gpio.o(i.MX_GPIO_Init)
    i.MX_I2C3_Init                           0x080063e0   Section        0  i2c.o(i.MX_I2C3_Init)
    i.MX_LTDC_Init                           0x0800643c   Section        0  ltdc.o(i.MX_LTDC_Init)
    i.MX_SPI5_Init                           0x080064ec   Section        0  spi.o(i.MX_SPI5_Init)
    i.MX_TIM1_Init                           0x08006534   Section        0  tim.o(i.MX_TIM1_Init)
    i.MX_USART1_UART_Init                    0x0800659c   Section        0  usart.o(i.MX_USART1_UART_Init)
    i.MemManage_Handler                      0x080065d4   Section        0  stm32f4xx_it.o(i.MemManage_Handler)
    i.NMI_Handler                            0x080065d6   Section        0  stm32f4xx_it.o(i.NMI_Handler)
    i.PendSV_Handler                         0x080065d8   Section        0  stm32f4xx_it.o(i.PendSV_Handler)
    i.SPI_EndRxTransaction                   0x080065da   Section        0  stm32f4xx_hal_spi.o(i.SPI_EndRxTransaction)
    SPI_EndRxTransaction                     0x080065db   Thumb Code    92  stm32f4xx_hal_spi.o(i.SPI_EndRxTransaction)
    i.SPI_EndRxTxTransaction                 0x08006638   Section        0  stm32f4xx_hal_spi.o(i.SPI_EndRxTxTransaction)
    SPI_EndRxTxTransaction                   0x08006639   Thumb Code    80  stm32f4xx_hal_spi.o(i.SPI_EndRxTxTransaction)
    i.SPI_WaitFlagStateUntilTimeout          0x08006690   Section        0  stm32f4xx_hal_spi.o(i.SPI_WaitFlagStateUntilTimeout)
    SPI_WaitFlagStateUntilTimeout            0x08006691   Thumb Code   180  stm32f4xx_hal_spi.o(i.SPI_WaitFlagStateUntilTimeout)
    i.SPIx_Error                             0x08006748   Section        0  stm32f429i_discovery.o(i.SPIx_Error)
    SPIx_Error                               0x08006749   Thumb Code    16  stm32f429i_discovery.o(i.SPIx_Error)
    i.SPIx_Init                              0x0800675c   Section        0  stm32f429i_discovery.o(i.SPIx_Init)
    SPIx_Init                                0x0800675d   Thumb Code   138  stm32f429i_discovery.o(i.SPIx_Init)
    i.SPIx_Write                             0x080067f8   Section        0  stm32f429i_discovery.o(i.SPIx_Write)
    SPIx_Write                               0x080067f9   Thumb Code    26  stm32f429i_discovery.o(i.SPIx_Write)
    i.SVC_Handler                            0x0800681c   Section        0  stm32f4xx_it.o(i.SVC_Handler)
    i.SysTick_Handler                        0x0800681e   Section        0  stm32f4xx_it.o(i.SysTick_Handler)
    i.SystemClock_Config                     0x08006820   Section        0  main.o(i.SystemClock_Config)
    i.SystemInit                             0x080068c0   Section        0  system_stm32f4xx.o(i.SystemInit)
    i.TIM6_DAC_IRQHandler                    0x080068d0   Section        0  stm32f4xx_it.o(i.TIM6_DAC_IRQHandler)
    i.TIM_Base_SetConfig                     0x080068dc   Section        0  stm32f4xx_hal_tim.o(i.TIM_Base_SetConfig)
    i.TIM_ETR_SetConfig                      0x080069a4   Section        0  stm32f4xx_hal_tim.o(i.TIM_ETR_SetConfig)
    i.TIM_ITRx_SetConfig                     0x080069b8   Section        0  stm32f4xx_hal_tim.o(i.TIM_ITRx_SetConfig)
    TIM_ITRx_SetConfig                       0x080069b9   Thumb Code    16  stm32f4xx_hal_tim.o(i.TIM_ITRx_SetConfig)
    i.TIM_TI1_ConfigInputStage               0x080069c8   Section        0  stm32f4xx_hal_tim.o(i.TIM_TI1_ConfigInputStage)
    TIM_TI1_ConfigInputStage                 0x080069c9   Thumb Code    34  stm32f4xx_hal_tim.o(i.TIM_TI1_ConfigInputStage)
    i.TIM_TI2_ConfigInputStage               0x080069ea   Section        0  stm32f4xx_hal_tim.o(i.TIM_TI2_ConfigInputStage)
    TIM_TI2_ConfigInputStage                 0x080069eb   Thumb Code    36  stm32f4xx_hal_tim.o(i.TIM_TI2_ConfigInputStage)
    i.UART_SetConfig                         0x08006a10   Section        0  stm32f4xx_hal_uart.o(i.UART_SetConfig)
    UART_SetConfig                           0x08006a11   Thumb Code   344  stm32f4xx_hal_uart.o(i.UART_SetConfig)
    i.UsageFault_Handler                     0x08006bb0   Section        0  stm32f4xx_it.o(i.UsageFault_Handler)
    i.__NVIC_SetPriority                     0x08006bb2   Section        0  stm32f4xx_hal_cortex.o(i.__NVIC_SetPriority)
    __NVIC_SetPriority                       0x08006bb3   Thumb Code    32  stm32f4xx_hal_cortex.o(i.__NVIC_SetPriority)
    i._sys_exit                              0x08006bd2   Section        0  redirect.o(i._sys_exit)
    i.assert_failed                          0x08006bd4   Section        0  main.o(i.assert_failed)
    i.fputc                                  0x08006bd6   Section        0  redirect.o(i.fputc)
    i.ili9341_DisplayOff                     0x08006bdc   Section        0  ili9341.o(i.ili9341_DisplayOff)
    i.ili9341_DisplayOn                      0x08006be2   Section        0  ili9341.o(i.ili9341_DisplayOn)
    i.ili9341_GetLcdPixelHeight              0x08006be8   Section        0  ili9341.o(i.ili9341_GetLcdPixelHeight)
    i.ili9341_GetLcdPixelWidth               0x08006bee   Section        0  ili9341.o(i.ili9341_GetLcdPixelWidth)
    i.ili9341_Init                           0x08006bf2   Section        0  ili9341.o(i.ili9341_Init)
    i.ili9341_ReadID                         0x08006e84   Section        0  ili9341.o(i.ili9341_ReadID)
    i.main                                   0x08006e98   Section        0  main.o(i.main)
    i.stmpe811_ClearGlobalIT                 0x08006f34   Section        0  stmpe811.o(i.stmpe811_ClearGlobalIT)
    i.stmpe811_DisableGlobalIT               0x08006f3e   Section        0  stmpe811.o(i.stmpe811_DisableGlobalIT)
    i.stmpe811_DisableITSource               0x08006f5a   Section        0  stmpe811.o(i.stmpe811_DisableITSource)
    i.stmpe811_EnableGlobalIT                0x08006f78   Section        0  stmpe811.o(i.stmpe811_EnableGlobalIT)
    i.stmpe811_EnableITSource                0x08006f94   Section        0  stmpe811.o(i.stmpe811_EnableITSource)
    i.stmpe811_GetInstance                   0x08006fb4   Section        0  stmpe811.o(i.stmpe811_GetInstance)
    stmpe811_GetInstance                     0x08006fb5   Thumb Code    24  stmpe811.o(i.stmpe811_GetInstance)
    i.stmpe811_IO_EnableAF                   0x08006fd0   Section        0  stmpe811.o(i.stmpe811_IO_EnableAF)
    i.stmpe811_Init                          0x08006ff0   Section        0  stmpe811.o(i.stmpe811_Init)
    i.stmpe811_ReadID                        0x08007020   Section        0  stmpe811.o(i.stmpe811_ReadID)
    i.stmpe811_Reset                         0x08007040   Section        0  stmpe811.o(i.stmpe811_Reset)
    i.stmpe811_TS_ClearIT                    0x08007068   Section        0  stmpe811.o(i.stmpe811_TS_ClearIT)
    i.stmpe811_TS_DetectTouch                0x0800706e   Section        0  stmpe811.o(i.stmpe811_TS_DetectTouch)
    i.stmpe811_TS_DisableIT                  0x080070a4   Section        0  stmpe811.o(i.stmpe811_TS_DisableIT)
    i.stmpe811_TS_EnableIT                   0x080070b8   Section        0  stmpe811.o(i.stmpe811_TS_EnableIT)
    i.stmpe811_TS_GetXY                      0x080070d2   Section        0  stmpe811.o(i.stmpe811_TS_GetXY)
    i.stmpe811_TS_ITStatus                   0x0800711c   Section        0  stmpe811.o(i.stmpe811_TS_ITStatus)
    i.stmpe811_TS_Start                      0x0800712c   Section        0  stmpe811.o(i.stmpe811_TS_Start)
    x$fpl$fpinit                             0x080071ce   Section       10  fpinit.o(x$fpl$fpinit)
    $v0                                      0x080071ce   Number         0  fpinit.o(x$fpl$fpinit)
    .constdata                               0x080071d8   Section        8  stm32f4xx_hal_dma.o(.constdata)
    flagBitshiftOffset                       0x080071d8   Data           8  stm32f4xx_hal_dma.o(.constdata)
    .constdata                               0x080071e0   Section       16  system_stm32f4xx.o(.constdata)
    .constdata                               0x080071f0   Section        8  system_stm32f4xx.o(.constdata)
    .constdata                               0x080071f8   Section     6840  stm32f429i_discovery_lcd.o(.constdata)
    .data                                    0x20000000   Section        2  lcd_tft.o(.data)
    .data                                    0x20000004   Section        4  redirect.o(.data)
    .data                                    0x20000008   Section        8  crc.o(.data)
    .data                                    0x20000010   Section        8  fmc.o(.data)
    FMC_Initialized                          0x20000010   Data           4  fmc.o(.data)
    FMC_DeInitialized                        0x20000014   Data           4  fmc.o(.data)
    .data                                    0x20000018   Section       12  stm32f4xx_hal.o(.data)
    .data                                    0x20000024   Section        4  system_stm32f4xx.o(.data)
    .data                                    0x20000028   Section       56  ili9341.o(.data)
    .data                                    0x20000060   Section       40  stmpe811.o(.data)
    .data                                    0x20000088   Section        2  stmpe811.o(.data)
    .data                                    0x2000008c   Section       24  stm32f429i_discovery.o(.data)
    Is_LCD_IO_Initialized                    0x2000008c   Data           1  stm32f429i_discovery.o(.data)
    .data                                    0x200000a4   Section       16  stm32f429i_discovery_lcd.o(.data)
    ActiveLayer                              0x200000a4   Data           4  stm32f429i_discovery_lcd.o(.data)
    .data                                    0x200000b4   Section        1  stm32f429i_discovery_sdram.o(.data)
    sdramstatus                              0x200000b4   Data           1  stm32f429i_discovery_sdram.o(.data)
    .data                                    0x200000b8   Section       16  stm32f429i_discovery_ts.o(.data)
    TsXBoundary                              0x200000b8   Data           2  stm32f429i_discovery_ts.o(.data)
    TsYBoundary                              0x200000ba   Data           2  stm32f429i_discovery_ts.o(.data)
    _x                                       0x200000bc   Data           4  stm32f429i_discovery_ts.o(.data)
    _y                                       0x200000c0   Data           4  stm32f429i_discovery_ts.o(.data)
    TsDrv                                    0x200000c4   Data           4  stm32f429i_discovery_ts.o(.data)
    .bss                                     0x200000c8   Section       20  lcd_tft.o(.bss)
    .bss                                     0x200000dc   Section       64  dma2d.o(.bss)
    .bss                                     0x2000011c   Section       52  fmc.o(.bss)
    .bss                                     0x20000150   Section       84  i2c.o(.bss)
    .bss                                     0x200001a4   Section      168  ltdc.o(.bss)
    .bss                                     0x2000024c   Section       88  spi.o(.bss)
    .bss                                     0x200002a4   Section       72  tim.o(.bss)
    .bss                                     0x200002ec   Section       68  usart.o(.bss)
    .bss                                     0x20000330   Section       72  stm32f4xx_hal_timebase_tim.o(.bss)
    .bss                                     0x20000378   Section      172  stm32f429i_discovery.o(.bss)
    SpiHandle                                0x200003cc   Data          88  stm32f429i_discovery.o(.bss)
    .bss                                     0x20000424   Section      304  stm32f429i_discovery_lcd.o(.bss)
    Dma2dHandler                             0x200004cc   Data          64  stm32f429i_discovery_lcd.o(.bss)
    PeriphClkInitStruct                      0x2000050c   Data          48  stm32f429i_discovery_lcd.o(.bss)
    DrawProp                                 0x2000053c   Data          24  stm32f429i_discovery_lcd.o(.bss)
    .bss                                     0x20000554   Section      288  stm32f429i_discovery_sdram.o(.bss)
    dmaHandle                                0x20000554   Data          96  stm32f429i_discovery_sdram.o(.bss)
    dma_handle                               0x200005b4   Data          96  stm32f429i_discovery_sdram.o(.bss)
    SdramHandle                              0x20000614   Data          52  stm32f429i_discovery_sdram.o(.bss)
    Timing                                   0x20000648   Data          28  stm32f429i_discovery_sdram.o(.bss)
    Command                                  0x20000664   Data          16  stm32f429i_discovery_sdram.o(.bss)
    .bss                                     0x20000674   Section       96  libspace.o(.bss)
    HEAP                                     0x200006d8   Section      512  startup_stm32f429xx.o(HEAP)
    Heap_Mem                                 0x200006d8   Data         512  startup_stm32f429xx.o(HEAP)
    STACK                                    0x200008d8   Section     1024  startup_stm32f429xx.o(STACK)
    Stack_Mem                                0x200008d8   Data        1024  startup_stm32f429xx.o(STACK)
    __initial_sp                             0x20000cd8   Data           0  startup_stm32f429xx.o(STACK)

    Global Symbols

    Symbol Name                              Value     Ov Type        Size  Object(Section)

    BuildAttributes$$THM_ISAv4$E$P$D$K$B$S$7EM$VFPi3$EXTD16$VFPS$VFMA$PE$A:L22UL41UL21$X:L11$S22US41US21$IEEE1$IW$USESV6$~STKCKD$USESV7$~SHL$OSPACE$ROPI$EBA8$UX$STANDARDLIB$REQ8$PRES8$EABIv2 0x00000000   Number         0  anon$$obj.o ABSOLUTE
    __ARM_use_no_argv                        0x00000000   Number         0  main.o ABSOLUTE
    __ARM_exceptions_init                     - Undefined Weak Reference
    __alloca_initialize                       - Undefined Weak Reference
    __arm_fini_                               - Undefined Weak Reference
    __arm_preinit_                            - Undefined Weak Reference
    __cpp_initialize__aeabi_                  - Undefined Weak Reference
    __cxa_finalize                            - Undefined Weak Reference
    __rt_locale                               - Undefined Weak Reference
    __sigvec_lookup                           - Undefined Weak Reference
    _atexit_init                              - Undefined Weak Reference
    _call_atexit_fns                          - Undefined Weak Reference
    _clock_init                               - Undefined Weak Reference
    _fp_trap_init                             - Undefined Weak Reference
    _fp_trap_shutdown                         - Undefined Weak Reference
    _get_lc_collate                           - Undefined Weak Reference
    _get_lc_ctype                             - Undefined Weak Reference
    _get_lc_monetary                          - Undefined Weak Reference
    _get_lc_numeric                           - Undefined Weak Reference
    _get_lc_time                              - Undefined Weak Reference
    _getenv_init                              - Undefined Weak Reference
    _handle_redirection                       - Undefined Weak Reference
    _init_alloc                               - Undefined Weak Reference
    _init_user_alloc                          - Undefined Weak Reference
    _initio                                   - Undefined Weak Reference
    _mutex_acquire                            - Undefined Weak Reference
    _mutex_release                            - Undefined Weak Reference
    _rand_init                                - Undefined Weak Reference
    _signal_finish                            - Undefined Weak Reference
    _signal_init                              - Undefined Weak Reference
    _terminate_alloc                          - Undefined Weak Reference
    _terminate_user_alloc                     - Undefined Weak Reference
    _terminateio                              - Undefined Weak Reference
    __Vectors_Size                           0x000001ac   Number         0  startup_stm32f429xx.o ABSOLUTE
    __Vectors                                0x08000000   Data           4  startup_stm32f429xx.o(RESET)
    __Vectors_End                            0x080001ac   Data           0  startup_stm32f429xx.o(RESET)
    __main                                   0x080001ad   Thumb Code     8  __main.o(!!!main)
    __scatterload                            0x080001b5   Thumb Code     0  __scatter.o(!!!scatter)
    __scatterload_rt2                        0x080001b5   Thumb Code    44  __scatter.o(!!!scatter)
    __scatterload_rt2_thumb_only             0x080001b5   Thumb Code     0  __scatter.o(!!!scatter)
    __scatterload_null                       0x080001c3   Thumb Code     0  __scatter.o(!!!scatter)
    __scatterload_copy                       0x080001e9   Thumb Code    26  __scatter_copy.o(!!handler_copy)
    __scatterload_zeroinit                   0x08000205   Thumb Code    28  __scatter_zi.o(!!handler_zi)
    __rt_lib_init                            0x08000221   Thumb Code     0  libinit.o(.ARM.Collect$$libinit$$00000000)
    __rt_lib_init_fp_1                       0x08000223   Thumb Code     0  libinit2.o(.ARM.Collect$$libinit$$00000001)
    __rt_lib_init_alloca_1                   0x08000227   Thumb Code     0  libinit2.o(.ARM.Collect$$libinit$$0000002E)
    __rt_lib_init_argv_1                     0x08000227   Thumb Code     0  libinit2.o(.ARM.Collect$$libinit$$0000002C)
    __rt_lib_init_atexit_1                   0x08000227   Thumb Code     0  libinit2.o(.ARM.Collect$$libinit$$0000001B)
    __rt_lib_init_clock_1                    0x08000227   Thumb Code     0  libinit2.o(.ARM.Collect$$libinit$$00000021)
    __rt_lib_init_cpp_1                      0x08000227   Thumb Code     0  libinit2.o(.ARM.Collect$$libinit$$00000032)
    __rt_lib_init_exceptions_1               0x08000227   Thumb Code     0  libinit2.o(.ARM.Collect$$libinit$$00000030)
    __rt_lib_init_fp_trap_1                  0x08000227   Thumb Code     0  libinit2.o(.ARM.Collect$$libinit$$0000001F)
    __rt_lib_init_getenv_1                   0x08000227   Thumb Code     0  libinit2.o(.ARM.Collect$$libinit$$00000023)
    __rt_lib_init_heap_1                     0x08000227   Thumb Code     0  libinit2.o(.ARM.Collect$$libinit$$0000000A)
    __rt_lib_init_lc_collate_1               0x08000227   Thumb Code     0  libinit2.o(.ARM.Collect$$libinit$$00000011)
    __rt_lib_init_lc_ctype_1                 0x08000227   Thumb Code     0  libinit2.o(.ARM.Collect$$libinit$$00000013)
    __rt_lib_init_lc_monetary_1              0x08000227   Thumb Code     0  libinit2.o(.ARM.Collect$$libinit$$00000015)
    __rt_lib_init_lc_numeric_1               0x08000227   Thumb Code     0  libinit2.o(.ARM.Collect$$libinit$$00000017)
    __rt_lib_init_lc_time_1                  0x08000227   Thumb Code     0  libinit2.o(.ARM.Collect$$libinit$$00000019)
    __rt_lib_init_preinit_1                  0x08000227   Thumb Code     0  libinit2.o(.ARM.Collect$$libinit$$00000004)
    __rt_lib_init_rand_1                     0x08000227   Thumb Code     0  libinit2.o(.ARM.Collect$$libinit$$0000000E)
    __rt_lib_init_return                     0x08000227   Thumb Code     0  libinit2.o(.ARM.Collect$$libinit$$00000033)
    __rt_lib_init_signal_1                   0x08000227   Thumb Code     0  libinit2.o(.ARM.Collect$$libinit$$0000001D)
    __rt_lib_init_stdio_1                    0x08000227   Thumb Code     0  libinit2.o(.ARM.Collect$$libinit$$00000025)
    __rt_lib_init_user_alloc_1               0x08000227   Thumb Code     0  libinit2.o(.ARM.Collect$$libinit$$0000000C)
    __rt_lib_shutdown                        0x08000229   Thumb Code     0  libshutdown.o(.ARM.Collect$$libshutdown$$00000000)
    __rt_lib_shutdown_cpp_1                  0x0800022b   Thumb Code     0  libshutdown2.o(.ARM.Collect$$libshutdown$$00000004)
    __rt_lib_shutdown_fini_1                 0x0800022b   Thumb Code     0  libshutdown2.o(.ARM.Collect$$libshutdown$$00000002)
    __rt_lib_shutdown_fp_trap_1              0x0800022b   Thumb Code     0  libshutdown2.o(.ARM.Collect$$libshutdown$$00000009)
    __rt_lib_shutdown_heap_1                 0x0800022b   Thumb Code     0  libshutdown2.o(.ARM.Collect$$libshutdown$$00000011)
    __rt_lib_shutdown_return                 0x0800022b   Thumb Code     0  libshutdown2.o(.ARM.Collect$$libshutdown$$00000012)
    __rt_lib_shutdown_signal_1               0x0800022b   Thumb Code     0  libshutdown2.o(.ARM.Collect$$libshutdown$$0000000C)
    __rt_lib_shutdown_stdio_1                0x0800022b   Thumb Code     0  libshutdown2.o(.ARM.Collect$$libshutdown$$00000006)
    __rt_lib_shutdown_user_alloc_1           0x0800022b   Thumb Code     0  libshutdown2.o(.ARM.Collect$$libshutdown$$0000000E)
    __rt_entry                               0x0800022d   Thumb Code     0  __rtentry.o(.ARM.Collect$$rtentry$$00000000)
    __rt_entry_presh_1                       0x0800022d   Thumb Code     0  __rtentry2.o(.ARM.Collect$$rtentry$$00000002)
    __rt_entry_sh                            0x0800022d   Thumb Code     0  __rtentry4.o(.ARM.Collect$$rtentry$$00000004)
    __rt_entry_li                            0x08000233   Thumb Code     0  __rtentry2.o(.ARM.Collect$$rtentry$$0000000A)
    __rt_entry_postsh_1                      0x08000233   Thumb Code     0  __rtentry2.o(.ARM.Collect$$rtentry$$00000009)
    __rt_entry_main                          0x08000237   Thumb Code     0  __rtentry2.o(.ARM.Collect$$rtentry$$0000000D)
    __rt_entry_postli_1                      0x08000237   Thumb Code     0  __rtentry2.o(.ARM.Collect$$rtentry$$0000000C)
    __rt_exit                                0x0800023f   Thumb Code     0  rtexit.o(.ARM.Collect$$rtexit$$00000000)
    __rt_exit_ls                             0x08000241   Thumb Code     0  rtexit2.o(.ARM.Collect$$rtexit$$00000003)
    __rt_exit_prels_1                        0x08000241   Thumb Code     0  rtexit2.o(.ARM.Collect$$rtexit$$00000002)
    __rt_exit_exit                           0x08000245   Thumb Code     0  rtexit2.o(.ARM.Collect$$rtexit$$00000004)
    Reset_Handler                            0x0800024d   Thumb Code     8  startup_stm32f429xx.o(.text)
    ADC_IRQHandler                           0x08000267   Thumb Code     0  startup_stm32f429xx.o(.text)
    CAN1_RX0_IRQHandler                      0x08000267   Thumb Code     0  startup_stm32f429xx.o(.text)
    CAN1_RX1_IRQHandler                      0x08000267   Thumb Code     0  startup_stm32f429xx.o(.text)
    CAN1_SCE_IRQHandler                      0x08000267   Thumb Code     0  startup_stm32f429xx.o(.text)
    CAN1_TX_IRQHandler                       0x08000267   Thumb Code     0  startup_stm32f429xx.o(.text)
    CAN2_RX0_IRQHandler                      0x08000267   Thumb Code     0  startup_stm32f429xx.o(.text)
    CAN2_RX1_IRQHandler                      0x08000267   Thumb Code     0  startup_stm32f429xx.o(.text)
    CAN2_SCE_IRQHandler                      0x08000267   Thumb Code     0  startup_stm32f429xx.o(.text)
    CAN2_TX_IRQHandler                       0x08000267   Thumb Code     0  startup_stm32f429xx.o(.text)
    DCMI_IRQHandler                          0x08000267   Thumb Code     0  startup_stm32f429xx.o(.text)
    DMA1_Stream0_IRQHandler                  0x08000267   Thumb Code     0  startup_stm32f429xx.o(.text)
    DMA1_Stream1_IRQHandler                  0x08000267   Thumb Code     0  startup_stm32f429xx.o(.text)
    DMA1_Stream2_IRQHandler                  0x08000267   Thumb Code     0  startup_stm32f429xx.o(.text)
    DMA1_Stream3_IRQHandler                  0x08000267   Thumb Code     0  startup_stm32f429xx.o(.text)
    DMA1_Stream4_IRQHandler                  0x08000267   Thumb Code     0  startup_stm32f429xx.o(.text)
    DMA1_Stream5_IRQHandler                  0x08000267   Thumb Code     0  startup_stm32f429xx.o(.text)
    DMA1_Stream6_IRQHandler                  0x08000267   Thumb Code     0  startup_stm32f429xx.o(.text)
    DMA1_Stream7_IRQHandler                  0x08000267   Thumb Code     0  startup_stm32f429xx.o(.text)
    DMA2_Stream0_IRQHandler                  0x08000267   Thumb Code     0  startup_stm32f429xx.o(.text)
    DMA2_Stream1_IRQHandler                  0x08000267   Thumb Code     0  startup_stm32f429xx.o(.text)
    DMA2_Stream2_IRQHandler                  0x08000267   Thumb Code     0  startup_stm32f429xx.o(.text)
    DMA2_Stream3_IRQHandler                  0x08000267   Thumb Code     0  startup_stm32f429xx.o(.text)
    DMA2_Stream4_IRQHandler                  0x08000267   Thumb Code     0  startup_stm32f429xx.o(.text)
    DMA2_Stream5_IRQHandler                  0x08000267   Thumb Code     0  startup_stm32f429xx.o(.text)
    DMA2_Stream6_IRQHandler                  0x08000267   Thumb Code     0  startup_stm32f429xx.o(.text)
    DMA2_Stream7_IRQHandler                  0x08000267   Thumb Code     0  startup_stm32f429xx.o(.text)
    ETH_IRQHandler                           0x08000267   Thumb Code     0  startup_stm32f429xx.o(.text)
    ETH_WKUP_IRQHandler                      0x08000267   Thumb Code     0  startup_stm32f429xx.o(.text)
    EXTI0_IRQHandler                         0x08000267   Thumb Code     0  startup_stm32f429xx.o(.text)
    EXTI15_10_IRQHandler                     0x08000267   Thumb Code     0  startup_stm32f429xx.o(.text)
    EXTI1_IRQHandler                         0x08000267   Thumb Code     0  startup_stm32f429xx.o(.text)
    EXTI2_IRQHandler                         0x08000267   Thumb Code     0  startup_stm32f429xx.o(.text)
    EXTI3_IRQHandler                         0x08000267   Thumb Code     0  startup_stm32f429xx.o(.text)
    EXTI4_IRQHandler                         0x08000267   Thumb Code     0  startup_stm32f429xx.o(.text)
    EXTI9_5_IRQHandler                       0x08000267   Thumb Code     0  startup_stm32f429xx.o(.text)
    FLASH_IRQHandler                         0x08000267   Thumb Code     0  startup_stm32f429xx.o(.text)
    FMC_IRQHandler                           0x08000267   Thumb Code     0  startup_stm32f429xx.o(.text)
    FPU_IRQHandler                           0x08000267   Thumb Code     0  startup_stm32f429xx.o(.text)
    HASH_RNG_IRQHandler                      0x08000267   Thumb Code     0  startup_stm32f429xx.o(.text)
    I2C1_ER_IRQHandler                       0x08000267   Thumb Code     0  startup_stm32f429xx.o(.text)
    I2C1_EV_IRQHandler                       0x08000267   Thumb Code     0  startup_stm32f429xx.o(.text)
    I2C2_ER_IRQHandler                       0x08000267   Thumb Code     0  startup_stm32f429xx.o(.text)
    I2C2_EV_IRQHandler                       0x08000267   Thumb Code     0  startup_stm32f429xx.o(.text)
    I2C3_ER_IRQHandler                       0x08000267   Thumb Code     0  startup_stm32f429xx.o(.text)
    I2C3_EV_IRQHandler                       0x08000267   Thumb Code     0  startup_stm32f429xx.o(.text)
    LTDC_ER_IRQHandler                       0x08000267   Thumb Code     0  startup_stm32f429xx.o(.text)
    OTG_FS_IRQHandler                        0x08000267   Thumb Code     0  startup_stm32f429xx.o(.text)
    OTG_FS_WKUP_IRQHandler                   0x08000267   Thumb Code     0  startup_stm32f429xx.o(.text)
    OTG_HS_EP1_IN_IRQHandler                 0x08000267   Thumb Code     0  startup_stm32f429xx.o(.text)
    OTG_HS_EP1_OUT_IRQHandler                0x08000267   Thumb Code     0  startup_stm32f429xx.o(.text)
    OTG_HS_IRQHandler                        0x08000267   Thumb Code     0  startup_stm32f429xx.o(.text)
    OTG_HS_WKUP_IRQHandler                   0x08000267   Thumb Code     0  startup_stm32f429xx.o(.text)
    PVD_IRQHandler                           0x08000267   Thumb Code     0  startup_stm32f429xx.o(.text)
    RCC_IRQHandler                           0x08000267   Thumb Code     0  startup_stm32f429xx.o(.text)
    RTC_Alarm_IRQHandler                     0x08000267   Thumb Code     0  startup_stm32f429xx.o(.text)
    RTC_WKUP_IRQHandler                      0x08000267   Thumb Code     0  startup_stm32f429xx.o(.text)
    SAI1_IRQHandler                          0x08000267   Thumb Code     0  startup_stm32f429xx.o(.text)
    SDIO_IRQHandler                          0x08000267   Thumb Code     0  startup_stm32f429xx.o(.text)
    SPI1_IRQHandler                          0x08000267   Thumb Code     0  startup_stm32f429xx.o(.text)
    SPI2_IRQHandler                          0x08000267   Thumb Code     0  startup_stm32f429xx.o(.text)
    SPI3_IRQHandler                          0x08000267   Thumb Code     0  startup_stm32f429xx.o(.text)
    SPI4_IRQHandler                          0x08000267   Thumb Code     0  startup_stm32f429xx.o(.text)
    SPI5_IRQHandler                          0x08000267   Thumb Code     0  startup_stm32f429xx.o(.text)
    SPI6_IRQHandler                          0x08000267   Thumb Code     0  startup_stm32f429xx.o(.text)
    TAMP_STAMP_IRQHandler                    0x08000267   Thumb Code     0  startup_stm32f429xx.o(.text)
    TIM1_BRK_TIM9_IRQHandler                 0x08000267   Thumb Code     0  startup_stm32f429xx.o(.text)
    TIM1_CC_IRQHandler                       0x08000267   Thumb Code     0  startup_stm32f429xx.o(.text)
    TIM1_TRG_COM_TIM11_IRQHandler            0x08000267   Thumb Code     0  startup_stm32f429xx.o(.text)
    TIM1_UP_TIM10_IRQHandler                 0x08000267   Thumb Code     0  startup_stm32f429xx.o(.text)
    TIM2_IRQHandler                          0x08000267   Thumb Code     0  startup_stm32f429xx.o(.text)
    TIM3_IRQHandler                          0x08000267   Thumb Code     0  startup_stm32f429xx.o(.text)
    TIM4_IRQHandler                          0x08000267   Thumb Code     0  startup_stm32f429xx.o(.text)
    TIM5_IRQHandler                          0x08000267   Thumb Code     0  startup_stm32f429xx.o(.text)
    TIM7_IRQHandler                          0x08000267   Thumb Code     0  startup_stm32f429xx.o(.text)
    TIM8_BRK_TIM12_IRQHandler                0x08000267   Thumb Code     0  startup_stm32f429xx.o(.text)
    TIM8_CC_IRQHandler                       0x08000267   Thumb Code     0  startup_stm32f429xx.o(.text)
    TIM8_TRG_COM_TIM14_IRQHandler            0x08000267   Thumb Code     0  startup_stm32f429xx.o(.text)
    TIM8_UP_TIM13_IRQHandler                 0x08000267   Thumb Code     0  startup_stm32f429xx.o(.text)
    UART4_IRQHandler                         0x08000267   Thumb Code     0  startup_stm32f429xx.o(.text)
    UART5_IRQHandler                         0x08000267   Thumb Code     0  startup_stm32f429xx.o(.text)
    UART7_IRQHandler                         0x08000267   Thumb Code     0  startup_stm32f429xx.o(.text)
    UART8_IRQHandler                         0x08000267   Thumb Code     0  startup_stm32f429xx.o(.text)
    USART1_IRQHandler                        0x08000267   Thumb Code     0  startup_stm32f429xx.o(.text)
    USART2_IRQHandler                        0x08000267   Thumb Code     0  startup_stm32f429xx.o(.text)
    USART3_IRQHandler                        0x08000267   Thumb Code     0  startup_stm32f429xx.o(.text)
    USART6_IRQHandler                        0x08000267   Thumb Code     0  startup_stm32f429xx.o(.text)
    WWDG_IRQHandler                          0x08000267   Thumb Code     0  startup_stm32f429xx.o(.text)
    __user_initial_stackheap                 0x08000269   Thumb Code     0  startup_stm32f429xx.o(.text)
    __I$use$semihosting                      0x0800028d   Thumb Code     0  use_no_semi.o(.text)
    __use_no_semihosting_swi                 0x0800028d   Thumb Code     2  use_no_semi.o(.text)
    __aeabi_uldivmod                         0x0800028f   Thumb Code     0  lludivv7m.o(.text)
    _ll_udiv                                 0x0800028f   Thumb Code   238  lludivv7m.o(.text)
    __2printf                                0x0800037d   Thumb Code    20  noretval__2printf.o(.text)
    __aeabi_memcpy4                          0x08000395   Thumb Code     0  rt_memcpy_w.o(.text)
    __aeabi_memcpy8                          0x08000395   Thumb Code     0  rt_memcpy_w.o(.text)
    __rt_memcpy_w                            0x08000395   Thumb Code   100  rt_memcpy_w.o(.text)
    _memcpy_lastbytes_aligned                0x080003dd   Thumb Code     0  rt_memcpy_w.o(.text)
    __aeabi_memclr4                          0x080003f9   Thumb Code     0  rt_memclr_w.o(.text)
    __aeabi_memclr8                          0x080003f9   Thumb Code     0  rt_memclr_w.o(.text)
    __rt_memclr_w                            0x080003f9   Thumb Code    78  rt_memclr_w.o(.text)
    _memset_w                                0x080003fd   Thumb Code     0  rt_memclr_w.o(.text)
    __use_two_region_memory                  0x08000447   Thumb Code     2  heapauxi.o(.text)
    __rt_heap_escrow$2region                 0x08000449   Thumb Code     2  heapauxi.o(.text)
    __rt_heap_expand$2region                 0x0800044b   Thumb Code     2  heapauxi.o(.text)
    _printf_char_file                        0x0800044d   Thumb Code    32  _printf_char_file.o(.text)
    _printf_char_common                      0x0800047b   Thumb Code    32  _printf_char_common.o(.text)
    ferror                                   0x080004a1   Thumb Code     8  ferror.o(.text)
    __user_setup_stackheap                   0x080004a9   Thumb Code    74  sys_stackheap_outer.o(.text)
    __printf                                 0x080004f3   Thumb Code    40  __printf_nopercent.o(.text)
    exit                                     0x0800051b   Thumb Code    18  exit.o(.text)
    __user_libspace                          0x0800052d   Thumb Code     8  libspace.o(.text)
    __user_perproc_libspace                  0x0800052d   Thumb Code     0  libspace.o(.text)
    __user_perthread_libspace                0x0800052d   Thumb Code     0  libspace.o(.text)
    BSP_LCD_Clear                            0x08000535   Thumb Code    50  stm32f429i_discovery_lcd.o(i.BSP_LCD_Clear)
    BSP_LCD_DisplayChar                      0x08000571   Thumb Code    44  stm32f429i_discovery_lcd.o(i.BSP_LCD_DisplayChar)
    BSP_LCD_DisplayOn                        0x080005a5   Thumb Code    14  stm32f429i_discovery_lcd.o(i.BSP_LCD_DisplayOn)
    BSP_LCD_DisplayStringAt                  0x080005b9   Thumb Code   188  stm32f429i_discovery_lcd.o(i.BSP_LCD_DisplayStringAt)
    BSP_LCD_DisplayStringAtLine              0x0800067d   Thumb Code    28  stm32f429i_discovery_lcd.o(i.BSP_LCD_DisplayStringAtLine)
    BSP_LCD_DrawPixel                        0x08000699   Thumb Code    42  stm32f429i_discovery_lcd.o(i.BSP_LCD_DrawPixel)
    BSP_LCD_GetFont                          0x080006cd   Thumb Code    18  stm32f429i_discovery_lcd.o(i.BSP_LCD_GetFont)
    BSP_LCD_GetXSize                         0x080006e9   Thumb Code     8  stm32f429i_discovery_lcd.o(i.BSP_LCD_GetXSize)
    BSP_LCD_GetYSize                         0x080006f5   Thumb Code     8  stm32f429i_discovery_lcd.o(i.BSP_LCD_GetYSize)
    BSP_LCD_Init                             0x08000701   Thumb Code   130  stm32f429i_discovery_lcd.o(i.BSP_LCD_Init)
    BSP_LCD_LayerDefaultInit                 0x08000795   Thumb Code   116  stm32f429i_discovery_lcd.o(i.BSP_LCD_LayerDefaultInit)
    BSP_LCD_MspInit                          0x08000815   Thumb Code   270  stm32f429i_discovery_lcd.o(i.BSP_LCD_MspInit)
    BSP_LCD_SelectLayer                      0x08000941   Thumb Code     6  stm32f429i_discovery_lcd.o(i.BSP_LCD_SelectLayer)
    BSP_LCD_SetBackColor                     0x0800094d   Thumb Code    18  stm32f429i_discovery_lcd.o(i.BSP_LCD_SetBackColor)
    BSP_LCD_SetFont                          0x08000969   Thumb Code    18  stm32f429i_discovery_lcd.o(i.BSP_LCD_SetFont)
    BSP_LCD_SetTextColor                     0x08000985   Thumb Code    16  stm32f429i_discovery_lcd.o(i.BSP_LCD_SetTextColor)
    BSP_SDRAM_Init                           0x0800099d   Thumb Code   106  stm32f429i_discovery_sdram.o(i.BSP_SDRAM_Init)
    BSP_SDRAM_Initialization_sequence        0x08000a15   Thumb Code   132  stm32f429i_discovery_sdram.o(i.BSP_SDRAM_Initialization_sequence)
    BSP_SDRAM_MspInit                        0x08000a9d   Thumb Code   320  stm32f429i_discovery_sdram.o(i.BSP_SDRAM_MspInit)
    BSP_TS_Init                              0x08000c01   Thumb Code    48  stm32f429i_discovery_ts.o(i.BSP_TS_Init)
    BusFault_Handler                         0x08000c39   Thumb Code     2  stm32f4xx_it.o(i.BusFault_Handler)
    DMA2D_IRQHandler                         0x08000c3d   Thumb Code     6  stm32f4xx_it.o(i.DMA2D_IRQHandler)
    DebugMon_Handler                         0x08000d5d   Thumb Code     2  stm32f4xx_it.o(i.DebugMon_Handler)
    Enviar_Mensaje                           0x08000e15   Thumb Code    68  lcd_tft.o(i.Enviar_Mensaje)
    Error_Handler                            0x08000e61   Thumb Code     4  main.o(i.Error_Handler)
    FMC_SDRAM_Init                           0x08000e65   Thumb Code   354  stm32f4xx_ll_fmc.o(i.FMC_SDRAM_Init)
    FMC_SDRAM_ProgramRefreshRate             0x08001005   Thumb Code    56  stm32f4xx_ll_fmc.o(i.FMC_SDRAM_ProgramRefreshRate)
    FMC_SDRAM_SendCommand                    0x08001079   Thumb Code   194  stm32f4xx_ll_fmc.o(i.FMC_SDRAM_SendCommand)
    FMC_SDRAM_Timing_Init                    0x08001179   Thumb Code   332  stm32f4xx_ll_fmc.o(i.FMC_SDRAM_Timing_Init)
    HAL_CRC_Init                             0x08001369   Thumb Code    50  stm32f4xx_hal_crc.o(i.HAL_CRC_Init)
    HAL_CRC_MspInit                          0x080013d9   Thumb Code    30  crc.o(i.HAL_CRC_MspInit)
    HAL_DMA2D_CLUTLoadingCpltCallback        0x08001401   Thumb Code     2  stm32f4xx_hal_dma2d.o(i.HAL_DMA2D_CLUTLoadingCpltCallback)
    HAL_DMA2D_ConfigLayer                    0x08001405   Thumb Code   282  stm32f4xx_hal_dma2d.o(i.HAL_DMA2D_ConfigLayer)
    HAL_DMA2D_IRQHandler                     0x08001561   Thumb Code   286  stm32f4xx_hal_dma2d.o(i.HAL_DMA2D_IRQHandler)
    HAL_DMA2D_Init                           0x08001681   Thumb Code   180  stm32f4xx_hal_dma2d.o(i.HAL_DMA2D_Init)
    HAL_DMA2D_LineEventCallback              0x08001775   Thumb Code     2  stm32f4xx_hal_dma2d.o(i.HAL_DMA2D_LineEventCallback)
    HAL_DMA2D_MspInit                        0x08001779   Thumb Code    50  dma2d.o(i.HAL_DMA2D_MspInit)
    HAL_DMA2D_PollForTransfer                0x080017b5   Thumb Code   272  stm32f4xx_hal_dma2d.o(i.HAL_DMA2D_PollForTransfer)
    HAL_DMA2D_Start                          0x080018c5   Thumb Code   100  stm32f4xx_hal_dma2d.o(i.HAL_DMA2D_Start)
    HAL_DMA_DeInit                           0x08001965   Thumb Code   236  stm32f4xx_hal_dma.o(i.HAL_DMA_DeInit)
    HAL_DMA_Init                             0x08001a91   Thumb Code   666  stm32f4xx_hal_dma.o(i.HAL_DMA_Init)
    HAL_Delay                                0x08001d71   Thumb Code    32  stm32f4xx_hal.o(i.HAL_Delay)
    HAL_GPIO_DeInit                          0x08001e71   Thumb Code   422  stm32f4xx_hal_gpio.o(i.HAL_GPIO_DeInit)
    HAL_GPIO_Init                            0x08002089   Thumb Code   690  stm32f4xx_hal_gpio.o(i.HAL_GPIO_Init)
    HAL_GPIO_WritePin                        0x080023b1   Thumb Code    46  stm32f4xx_hal_gpio.o(i.HAL_GPIO_WritePin)
    HAL_GetTick                              0x0800241d   Thumb Code     6  stm32f4xx_hal.o(i.HAL_GetTick)
    HAL_I2CEx_ConfigAnalogFilter             0x08002429   Thumb Code   114  stm32f4xx_hal_i2c_ex.o(i.HAL_I2CEx_ConfigAnalogFilter)
    HAL_I2CEx_ConfigDigitalFilter            0x080024e5   Thumb Code   108  stm32f4xx_hal_i2c_ex.o(i.HAL_I2CEx_ConfigDigitalFilter)
    HAL_I2C_DeInit                           0x08002599   Thumb Code    80  stm32f4xx_hal_i2c.o(i.HAL_I2C_DeInit)
    HAL_I2C_GetState                         0x0800262d   Thumb Code     6  stm32f4xx_hal_i2c.o(i.HAL_I2C_GetState)
    HAL_I2C_Init                             0x08002635   Thumb Code   560  stm32f4xx_hal_i2c.o(i.HAL_I2C_Init)
    HAL_I2C_Mem_Read                         0x080028bd   Thumb Code   508  stm32f4xx_hal_i2c.o(i.HAL_I2C_Mem_Read)
    HAL_I2C_Mem_Write                        0x08002afd   Thumb Code   314  stm32f4xx_hal_i2c.o(i.HAL_I2C_Mem_Write)
    HAL_I2C_MspDeInit                        0x08002c79   Thumb Code    44  i2c.o(i.HAL_I2C_MspDeInit)
    HAL_I2C_MspInit                          0x08002cb5   Thumb Code   126  i2c.o(i.HAL_I2C_MspInit)
    HAL_IncTick                              0x08002d45   Thumb Code    12  stm32f4xx_hal.o(i.HAL_IncTick)
    HAL_Init                                 0x08002d55   Thumb Code    48  stm32f4xx_hal.o(i.HAL_Init)
    HAL_InitTick                             0x08002d89   Thumb Code   100  stm32f4xx_hal_timebase_tim.o(i.HAL_InitTick)
    HAL_LTDC_ConfigLayer                     0x08002dfd   Thumb Code   324  stm32f4xx_hal_ltdc.o(i.HAL_LTDC_ConfigLayer)
    HAL_LTDC_EnableDither                    0x08002f7d   Thumb Code    42  stm32f4xx_hal_ltdc.o(i.HAL_LTDC_EnableDither)
    HAL_LTDC_ErrorCallback                   0x08002fad   Thumb Code     2  stm32f4xx_hal_ltdc.o(i.HAL_LTDC_ErrorCallback)
    HAL_LTDC_IRQHandler                      0x08002faf   Thumb Code   202  stm32f4xx_hal_ltdc.o(i.HAL_LTDC_IRQHandler)
    HAL_LTDC_Init                            0x08003079   Thumb Code   446  stm32f4xx_hal_ltdc.o(i.HAL_LTDC_Init)
    HAL_LTDC_LineEventCallback               0x0800327d   Thumb Code     2  stm32f4xx_hal_ltdc.o(i.HAL_LTDC_LineEventCallback)
    HAL_LTDC_MspInit                         0x08003281   Thumb Code   394  ltdc.o(i.HAL_LTDC_MspInit)
    HAL_LTDC_ReloadEventCallback             0x0800342d   Thumb Code     2  stm32f4xx_hal_ltdc.o(i.HAL_LTDC_ReloadEventCallback)
    HAL_MspInit                              0x08003431   Thumb Code    42  stm32f4xx_hal_msp.o(i.HAL_MspInit)
    HAL_NVIC_EnableIRQ                       0x08003461   Thumb Code    40  stm32f4xx_hal_cortex.o(i.HAL_NVIC_EnableIRQ)
    HAL_NVIC_SetPriority                     0x080034c5   Thumb Code    94  stm32f4xx_hal_cortex.o(i.HAL_NVIC_SetPriority)
    HAL_NVIC_SetPriorityGrouping             0x08003565   Thumb Code    58  stm32f4xx_hal_cortex.o(i.HAL_NVIC_SetPriorityGrouping)
    HAL_PWREx_EnableOverDrive                0x080035e5   Thumb Code    98  stm32f4xx_hal_pwr_ex.o(i.HAL_PWREx_EnableOverDrive)
    HAL_RCCEx_PeriphCLKConfig                0x08003655   Thumb Code  1218  stm32f4xx_hal_rcc_ex.o(i.HAL_RCCEx_PeriphCLKConfig)
    HAL_RCC_ClockConfig                      0x08003b1d   Thumb Code   544  stm32f4xx_hal_rcc.o(i.HAL_RCC_ClockConfig)
    HAL_RCC_GetClockConfig                   0x08003d89   Thumb Code    54  stm32f4xx_hal_rcc.o(i.HAL_RCC_GetClockConfig)
    HAL_RCC_GetPCLK1Freq                     0x08003dc9   Thumb Code    20  stm32f4xx_hal_rcc.o(i.HAL_RCC_GetPCLK1Freq)
    HAL_RCC_GetPCLK2Freq                     0x08003de9   Thumb Code    20  stm32f4xx_hal_rcc.o(i.HAL_RCC_GetPCLK2Freq)
    HAL_RCC_GetSysClockFreq                  0x08003e09   Thumb Code    88  stm32f4xx_hal_rcc.o(i.HAL_RCC_GetSysClockFreq)
    HAL_RCC_OscConfig                        0x08003e69   Thumb Code  1192  stm32f4xx_hal_rcc.o(i.HAL_RCC_OscConfig)
    HAL_SDRAM_Init                           0x08004311   Thumb Code    66  stm32f4xx_hal_sdram.o(i.HAL_SDRAM_Init)
    HAL_SDRAM_MspInit                        0x08004353   Thumb Code     4  fmc.o(i.HAL_SDRAM_MspInit)
    HAL_SDRAM_ProgramRefreshRate             0x08004357   Thumb Code    46  stm32f4xx_hal_sdram.o(i.HAL_SDRAM_ProgramRefreshRate)
    HAL_SDRAM_SendCommand                    0x08004385   Thumb Code    60  stm32f4xx_hal_sdram.o(i.HAL_SDRAM_SendCommand)
    HAL_SPI_DeInit                           0x080043c1   Thumb Code    94  stm32f4xx_hal_spi.o(i.HAL_SPI_DeInit)
    HAL_SPI_GetState                         0x08004471   Thumb Code     6  stm32f4xx_hal_spi.o(i.HAL_SPI_GetState)
    HAL_SPI_Init                             0x08004479   Thumb Code   536  stm32f4xx_hal_spi.o(i.HAL_SPI_Init)
    HAL_SPI_MspDeInit                        0x080046e1   Thumb Code    30  spi.o(i.HAL_SPI_MspDeInit)
    HAL_SPI_MspInit                          0x0800470d   Thumb Code    92  spi.o(i.HAL_SPI_MspInit)
    HAL_SPI_Receive                          0x08004775   Thumb Code   346  stm32f4xx_hal_spi.o(i.HAL_SPI_Receive)
    HAL_SPI_Transmit                         0x080048d1   Thumb Code   380  stm32f4xx_hal_spi.o(i.HAL_SPI_Transmit)
    HAL_SPI_TransmitReceive                  0x08004a85   Thumb Code   496  stm32f4xx_hal_spi.o(i.HAL_SPI_TransmitReceive)
    HAL_TIMEx_BreakCallback                  0x08004cad   Thumb Code     2  stm32f4xx_hal_tim_ex.o(i.HAL_TIMEx_BreakCallback)
    HAL_TIMEx_CommutCallback                 0x08004caf   Thumb Code     2  stm32f4xx_hal_tim_ex.o(i.HAL_TIMEx_CommutCallback)
    HAL_TIMEx_MasterConfigSynchronization    0x08004cb1   Thumb Code   242  stm32f4xx_hal_tim_ex.o(i.HAL_TIMEx_MasterConfigSynchronization)
    HAL_TIM_Base_Init                        0x08004e01   Thumb Code   260  stm32f4xx_hal_tim.o(i.HAL_TIM_Base_Init)
    HAL_TIM_Base_MspInit                     0x08004f71   Thumb Code    30  tim.o(i.HAL_TIM_Base_MspInit)
    HAL_TIM_Base_Start_IT                    0x08004f99   Thumb Code   200  stm32f4xx_hal_tim.o(i.HAL_TIM_Base_Start_IT)
    HAL_TIM_ConfigClockSource                0x080050c9   Thumb Code   930  stm32f4xx_hal_tim.o(i.HAL_TIM_ConfigClockSource)
    HAL_TIM_IC_CaptureCallback               0x080054d9   Thumb Code     2  stm32f4xx_hal_tim.o(i.HAL_TIM_IC_CaptureCallback)
    HAL_TIM_IRQHandler                       0x080054db   Thumb Code   358  stm32f4xx_hal_tim.o(i.HAL_TIM_IRQHandler)
    HAL_TIM_OC_DelayElapsedCallback          0x08005641   Thumb Code     2  stm32f4xx_hal_tim.o(i.HAL_TIM_OC_DelayElapsedCallback)
    HAL_TIM_PWM_PulseFinishedCallback        0x08005643   Thumb Code     2  stm32f4xx_hal_tim.o(i.HAL_TIM_PWM_PulseFinishedCallback)
    HAL_TIM_PeriodElapsedCallback            0x08005645   Thumb Code    14  main.o(i.HAL_TIM_PeriodElapsedCallback)
    HAL_TIM_TriggerCallback                  0x08005659   Thumb Code     2  stm32f4xx_hal_tim.o(i.HAL_TIM_TriggerCallback)
    HAL_UART_Init                            0x0800565d   Thumb Code   258  stm32f4xx_hal_uart.o(i.HAL_UART_Init)
    HAL_UART_MspInit                         0x080057bd   Thumb Code    94  usart.o(i.HAL_UART_MspInit)
    HardFault_Handler                        0x08005829   Thumb Code     2  stm32f4xx_it.o(i.HardFault_Handler)
    IOE_Delay                                0x08005d0d   Thumb Code     4  stm32f429i_discovery.o(i.IOE_Delay)
    IOE_ITConfig                             0x08005d11   Thumb Code    70  stm32f429i_discovery.o(i.IOE_ITConfig)
    IOE_Init                                 0x08005d61   Thumb Code     4  stm32f429i_discovery.o(i.IOE_Init)
    IOE_Read                                 0x08005d65   Thumb Code    44  stm32f429i_discovery.o(i.IOE_Read)
    IOE_ReadMultiple                         0x08005d99   Thumb Code    38  stm32f429i_discovery.o(i.IOE_ReadMultiple)
    IOE_Write                                0x08005dc9   Thumb Code    40  stm32f429i_discovery.o(i.IOE_Write)
    LCD_Delay                                0x08005df9   Thumb Code     4  stm32f429i_discovery.o(i.LCD_Delay)
    LCD_IO_Init                              0x08005dfd   Thumb Code   150  stm32f429i_discovery.o(i.LCD_IO_Init)
    LCD_IO_ReadData                          0x08005ea5   Thumb Code    92  stm32f429i_discovery.o(i.LCD_IO_ReadData)
    LCD_IO_WriteData                         0x08005f11   Thumb Code    46  stm32f429i_discovery.o(i.LCD_IO_WriteData)
    LCD_IO_WriteReg                          0x08005f49   Thumb Code    48  stm32f429i_discovery.o(i.LCD_IO_WriteReg)
    LTDC_IRQHandler                          0x08005f81   Thumb Code     6  stm32f4xx_it.o(i.LTDC_IRQHandler)
    MX_CRC_Init                              0x080060f1   Thumb Code    28  crc.o(i.MX_CRC_Init)
    MX_DMA2D_Init                            0x08006115   Thumb Code    56  dma2d.o(i.MX_DMA2D_Init)
    MX_FMC_Init                              0x08006155   Thumb Code    96  fmc.o(i.MX_FMC_Init)
    MX_GPIO_Init                             0x080061bd   Thumb Code   514  gpio.o(i.MX_GPIO_Init)
    MX_I2C3_Init                             0x080063e1   Thumb Code    78  i2c.o(i.MX_I2C3_Init)
    MX_LTDC_Init                             0x0800643d   Thumb Code   168  ltdc.o(i.MX_LTDC_Init)
    MX_SPI5_Init                             0x080064ed   Thumb Code    62  spi.o(i.MX_SPI5_Init)
    MX_TIM1_Init                             0x08006535   Thumb Code    94  tim.o(i.MX_TIM1_Init)
    MX_USART1_UART_Init                      0x0800659d   Thumb Code    48  usart.o(i.MX_USART1_UART_Init)
    MemManage_Handler                        0x080065d5   Thumb Code     2  stm32f4xx_it.o(i.MemManage_Handler)
    NMI_Handler                              0x080065d7   Thumb Code     2  stm32f4xx_it.o(i.NMI_Handler)
    PendSV_Handler                           0x080065d9   Thumb Code     2  stm32f4xx_it.o(i.PendSV_Handler)
    SVC_Handler                              0x0800681d   Thumb Code     2  stm32f4xx_it.o(i.SVC_Handler)
    SysTick_Handler                          0x0800681f   Thumb Code     2  stm32f4xx_it.o(i.SysTick_Handler)
    SystemClock_Config                       0x08006821   Thumb Code   150  main.o(i.SystemClock_Config)
    SystemInit                               0x080068c1   Thumb Code    12  system_stm32f4xx.o(i.SystemInit)
    TIM6_DAC_IRQHandler                      0x080068d1   Thumb Code     6  stm32f4xx_it.o(i.TIM6_DAC_IRQHandler)
    TIM_Base_SetConfig                       0x080068dd   Thumb Code   156  stm32f4xx_hal_tim.o(i.TIM_Base_SetConfig)
    TIM_ETR_SetConfig                        0x080069a5   Thumb Code    20  stm32f4xx_hal_tim.o(i.TIM_ETR_SetConfig)
    UsageFault_Handler                       0x08006bb1   Thumb Code     2  stm32f4xx_it.o(i.UsageFault_Handler)
    _sys_exit                                0x08006bd3   Thumb Code     2  redirect.o(i._sys_exit)
    assert_failed                            0x08006bd5   Thumb Code     2  main.o(i.assert_failed)
    fputc                                    0x08006bd7   Thumb Code     6  redirect.o(i.fputc)
    ili9341_DisplayOff                       0x08006bdd   Thumb Code     6  ili9341.o(i.ili9341_DisplayOff)
    ili9341_DisplayOn                        0x08006be3   Thumb Code     6  ili9341.o(i.ili9341_DisplayOn)
    ili9341_GetLcdPixelHeight                0x08006be9   Thumb Code     6  ili9341.o(i.ili9341_GetLcdPixelHeight)
    ili9341_GetLcdPixelWidth                 0x08006bef   Thumb Code     4  ili9341.o(i.ili9341_GetLcdPixelWidth)
    ili9341_Init                             0x08006bf3   Thumb Code   658  ili9341.o(i.ili9341_Init)
    ili9341_ReadID                           0x08006e85   Thumb Code    18  ili9341.o(i.ili9341_ReadID)
    main                                     0x08006e99   Thumb Code   136  main.o(i.main)
    stmpe811_ClearGlobalIT                   0x08006f35   Thumb Code    10  stmpe811.o(i.stmpe811_ClearGlobalIT)
    stmpe811_DisableGlobalIT                 0x08006f3f   Thumb Code    28  stmpe811.o(i.stmpe811_DisableGlobalIT)
    stmpe811_DisableITSource                 0x08006f5b   Thumb Code    30  stmpe811.o(i.stmpe811_DisableITSource)
    stmpe811_EnableGlobalIT                  0x08006f79   Thumb Code    28  stmpe811.o(i.stmpe811_EnableGlobalIT)
    stmpe811_EnableITSource                  0x08006f95   Thumb Code    30  stmpe811.o(i.stmpe811_EnableITSource)
    stmpe811_IO_EnableAF                     0x08006fd1   Thumb Code    30  stmpe811.o(i.stmpe811_IO_EnableAF)
    stmpe811_Init                            0x08006ff1   Thumb Code    42  stmpe811.o(i.stmpe811_Init)
    stmpe811_ReadID                          0x08007021   Thumb Code    32  stmpe811.o(i.stmpe811_ReadID)
    stmpe811_Reset                           0x08007041   Thumb Code    40  stmpe811.o(i.stmpe811_Reset)
    stmpe811_TS_ClearIT                      0x08007069   Thumb Code     6  stmpe811.o(i.stmpe811_TS_ClearIT)
    stmpe811_TS_DetectTouch                  0x0800706f   Thumb Code    54  stmpe811.o(i.stmpe811_TS_DetectTouch)
    stmpe811_TS_DisableIT                    0x080070a5   Thumb Code    20  stmpe811.o(i.stmpe811_TS_DisableIT)
    stmpe811_TS_EnableIT                     0x080070b9   Thumb Code    26  stmpe811.o(i.stmpe811_TS_EnableIT)
    stmpe811_TS_GetXY                        0x080070d3   Thumb Code    74  stmpe811.o(i.stmpe811_TS_GetXY)
    stmpe811_TS_ITStatus                     0x0800711d   Thumb Code    16  stmpe811.o(i.stmpe811_TS_ITStatus)
    stmpe811_TS_Start                        0x0800712d   Thumb Code   162  stmpe811.o(i.stmpe811_TS_Start)
    _fp_init                                 0x080071cf   Thumb Code    10  fpinit.o(x$fpl$fpinit)
    __fplib_config_fpu_vfp                   0x080071d7   Thumb Code     0  fpinit.o(x$fpl$fpinit)
    __fplib_config_pureend_doubles           0x080071d7   Thumb Code     0  fpinit.o(x$fpl$fpinit)
    AHBPrescTable                            0x080071e0   Data          16  system_stm32f4xx.o(.constdata)
    APBPrescTable                            0x080071f0   Data           8  system_stm32f4xx.o(.constdata)
    Font24_Table                             0x080071f8   Data        6840  stm32f429i_discovery_lcd.o(.constdata)
    Region$$Table$$Base                      0x08008cb0   Number         0  anon$$obj.o(Region$$Table)
    Region$$Table$$Limit                     0x08008cd0   Number         0  anon$$obj.o(Region$$Table)
    i                                        0x20000000   Data           1  lcd_tft.o(.data)
    Linea                                    0x20000001   Data           1  lcd_tft.o(.data)
    __stdout                                 0x20000004   Data           4  redirect.o(.data)
    hcrc                                     0x20000008   Data           8  crc.o(.data)
    uwTickFreq                               0x20000018   Data           1  stm32f4xx_hal.o(.data)
    uwTickPrio                               0x2000001c   Data           4  stm32f4xx_hal.o(.data)
    uwTick                                   0x20000020   Data           4  stm32f4xx_hal.o(.data)
    SystemCoreClock                          0x20000024   Data           4  system_stm32f4xx.o(.data)
    ili9341_drv                              0x20000028   Data          56  ili9341.o(.data)
    stmpe811_ts_drv                          0x20000060   Data          40  stmpe811.o(.data)
    stmpe811                                 0x20000088   Data           2  stmpe811.o(.data)
    BUTTON_PORT                              0x20000090   Data           4  stm32f429i_discovery.o(.data)
    I2cxTimeout                              0x20000094   Data           4  stm32f429i_discovery.o(.data)
    SpixTimeout                              0x20000098   Data           4  stm32f429i_discovery.o(.data)
    GPIO_PORT                                0x2000009c   Data           8  stm32f429i_discovery.o(.data)
    LcdDrv                                   0x200000a8   Data           4  stm32f429i_discovery_lcd.o(.data)
    Font24                                   0x200000ac   Data           8  stm32f429i_discovery_lcd.o(.data)
    LCD_String                               0x200000c8   Data          20  lcd_tft.o(.bss)
    hdma2d                                   0x200000dc   Data          64  dma2d.o(.bss)
    hsdram1                                  0x2000011c   Data          52  fmc.o(.bss)
    hi2c3                                    0x20000150   Data          84  i2c.o(.bss)
    hltdc                                    0x200001a4   Data         168  ltdc.o(.bss)
    hspi5                                    0x2000024c   Data          88  spi.o(.bss)
    htim1                                    0x200002a4   Data          72  tim.o(.bss)
    huart1                                   0x200002ec   Data          68  usart.o(.bss)
    htim6                                    0x20000330   Data          72  stm32f4xx_hal_timebase_tim.o(.bss)
    I2cHandle                                0x20000378   Data          84  stm32f429i_discovery.o(.bss)
    LtdcHandler                              0x20000424   Data         168  stm32f429i_discovery_lcd.o(.bss)
    __libspace_start                         0x20000674   Data          96  libspace.o(.bss)
    __temporary_stack_top$libspace           0x200006d4   Data           0  libspace.o(.bss)



==============================================================================

Memory Map of the image

  Image Entry point : 0x080001ad

  Load Region LR_IROM1 (Base: 0x08000000, Size: 0x00008d98, Max: 0x00200000, ABSOLUTE)

    Execution Region ER_IROM1 (Exec base: 0x08000000, Load base: 0x08000000, Size: 0x00008cd0, Max: 0x00200000, ABSOLUTE)

    Exec Addr    Load Addr    Size         Type   Attr      Idx    E Section Name        Object

    0x08000000   0x08000000   0x000001ac   Data   RO            3    RESET               startup_stm32f429xx.o
    0x080001ac   0x080001ac   0x00000008   Code   RO         6208  * !!!main             c_w.l(__main.o)
    0x080001b4   0x080001b4   0x00000034   Code   RO         6383    !!!scatter          c_w.l(__scatter.o)
    0x080001e8   0x080001e8   0x0000001a   Code   RO         6385    !!handler_copy      c_w.l(__scatter_copy.o)
    0x08000202   0x08000202   0x00000002   PAD
    0x08000204   0x08000204   0x0000001c   Code   RO         6387    !!handler_zi        c_w.l(__scatter_zi.o)
    0x08000220   0x08000220   0x00000002   Code   RO         6255    .ARM.Collect$$libinit$$00000000  c_w.l(libinit.o)
    0x08000222   0x08000222   0x00000004   Code   RO         6267    .ARM.Collect$$libinit$$00000001  c_w.l(libinit2.o)
    0x08000226   0x08000226   0x00000000   Code   RO         6270    .ARM.Collect$$libinit$$00000004  c_w.l(libinit2.o)
    0x08000226   0x08000226   0x00000000   Code   RO         6273    .ARM.Collect$$libinit$$0000000A  c_w.l(libinit2.o)
    0x08000226   0x08000226   0x00000000   Code   RO         6275    .ARM.Collect$$libinit$$0000000C  c_w.l(libinit2.o)
    0x08000226   0x08000226   0x00000000   Code   RO         6277    .ARM.Collect$$libinit$$0000000E  c_w.l(libinit2.o)
    0x08000226   0x08000226   0x00000000   Code   RO         6280    .ARM.Collect$$libinit$$00000011  c_w.l(libinit2.o)
    0x08000226   0x08000226   0x00000000   Code   RO         6282    .ARM.Collect$$libinit$$00000013  c_w.l(libinit2.o)
    0x08000226   0x08000226   0x00000000   Code   RO         6284    .ARM.Collect$$libinit$$00000015  c_w.l(libinit2.o)
    0x08000226   0x08000226   0x00000000   Code   RO         6286    .ARM.Collect$$libinit$$00000017  c_w.l(libinit2.o)
    0x08000226   0x08000226   0x00000000   Code   RO         6288    .ARM.Collect$$libinit$$00000019  c_w.l(libinit2.o)
    0x08000226   0x08000226   0x00000000   Code   RO         6290    .ARM.Collect$$libinit$$0000001B  c_w.l(libinit2.o)
    0x08000226   0x08000226   0x00000000   Code   RO         6292    .ARM.Collect$$libinit$$0000001D  c_w.l(libinit2.o)
    0x08000226   0x08000226   0x00000000   Code   RO         6294    .ARM.Collect$$libinit$$0000001F  c_w.l(libinit2.o)
    0x08000226   0x08000226   0x00000000   Code   RO         6296    .ARM.Collect$$libinit$$00000021  c_w.l(libinit2.o)
    0x08000226   0x08000226   0x00000000   Code   RO         6298    .ARM.Collect$$libinit$$00000023  c_w.l(libinit2.o)
    0x08000226   0x08000226   0x00000000   Code   RO         6300    .ARM.Collect$$libinit$$00000025  c_w.l(libinit2.o)
    0x08000226   0x08000226   0x00000000   Code   RO         6304    .ARM.Collect$$libinit$$0000002C  c_w.l(libinit2.o)
    0x08000226   0x08000226   0x00000000   Code   RO         6306    .ARM.Collect$$libinit$$0000002E  c_w.l(libinit2.o)
    0x08000226   0x08000226   0x00000000   Code   RO         6308    .ARM.Collect$$libinit$$00000030  c_w.l(libinit2.o)
    0x08000226   0x08000226   0x00000000   Code   RO         6310    .ARM.Collect$$libinit$$00000032  c_w.l(libinit2.o)
    0x08000226   0x08000226   0x00000002   Code   RO         6311    .ARM.Collect$$libinit$$00000033  c_w.l(libinit2.o)
    0x08000228   0x08000228   0x00000002   Code   RO         6337    .ARM.Collect$$libshutdown$$00000000  c_w.l(libshutdown.o)
    0x0800022a   0x0800022a   0x00000000   Code   RO         6364    .ARM.Collect$$libshutdown$$00000002  c_w.l(libshutdown2.o)
    0x0800022a   0x0800022a   0x00000000   Code   RO         6366    .ARM.Collect$$libshutdown$$00000004  c_w.l(libshutdown2.o)
    0x0800022a   0x0800022a   0x00000000   Code   RO         6368    .ARM.Collect$$libshutdown$$00000006  c_w.l(libshutdown2.o)
    0x0800022a   0x0800022a   0x00000000   Code   RO         6371    .ARM.Collect$$libshutdown$$00000009  c_w.l(libshutdown2.o)
    0x0800022a   0x0800022a   0x00000000   Code   RO         6374    .ARM.Collect$$libshutdown$$0000000C  c_w.l(libshutdown2.o)
    0x0800022a   0x0800022a   0x00000000   Code   RO         6376    .ARM.Collect$$libshutdown$$0000000E  c_w.l(libshutdown2.o)
    0x0800022a   0x0800022a   0x00000000   Code   RO         6379    .ARM.Collect$$libshutdown$$00000011  c_w.l(libshutdown2.o)
    0x0800022a   0x0800022a   0x00000002   Code   RO         6380    .ARM.Collect$$libshutdown$$00000012  c_w.l(libshutdown2.o)
    0x0800022c   0x0800022c   0x00000000   Code   RO         6210    .ARM.Collect$$rtentry$$00000000  c_w.l(__rtentry.o)
    0x0800022c   0x0800022c   0x00000000   Code   RO         6218    .ARM.Collect$$rtentry$$00000002  c_w.l(__rtentry2.o)
    0x0800022c   0x0800022c   0x00000006   Code   RO         6230    .ARM.Collect$$rtentry$$00000004  c_w.l(__rtentry4.o)
    0x08000232   0x08000232   0x00000000   Code   RO         6220    .ARM.Collect$$rtentry$$00000009  c_w.l(__rtentry2.o)
    0x08000232   0x08000232   0x00000004   Code   RO         6221    .ARM.Collect$$rtentry$$0000000A  c_w.l(__rtentry2.o)
    0x08000236   0x08000236   0x00000000   Code   RO         6223    .ARM.Collect$$rtentry$$0000000C  c_w.l(__rtentry2.o)
    0x08000236   0x08000236   0x00000008   Code   RO         6224    .ARM.Collect$$rtentry$$0000000D  c_w.l(__rtentry2.o)
    0x0800023e   0x0800023e   0x00000002   Code   RO         6259    .ARM.Collect$$rtexit$$00000000  c_w.l(rtexit.o)
    0x08000240   0x08000240   0x00000000   Code   RO         6313    .ARM.Collect$$rtexit$$00000002  c_w.l(rtexit2.o)
    0x08000240   0x08000240   0x00000004   Code   RO         6314    .ARM.Collect$$rtexit$$00000003  c_w.l(rtexit2.o)
    0x08000244   0x08000244   0x00000006   Code   RO         6315    .ARM.Collect$$rtexit$$00000004  c_w.l(rtexit2.o)
    0x0800024a   0x0800024a   0x00000002   PAD
    0x0800024c   0x0800024c   0x00000040   Code   RO            4    .text               startup_stm32f429xx.o
    0x0800028c   0x0800028c   0x00000002   Code   RO         6194    .text               c_w.l(use_no_semi.o)
    0x0800028e   0x0800028e   0x000000ee   Code   RO         6196    .text               c_w.l(lludivv7m.o)
    0x0800037c   0x0800037c   0x00000018   Code   RO         6200    .text               c_w.l(noretval__2printf.o)
    0x08000394   0x08000394   0x00000064   Code   RO         6202    .text               c_w.l(rt_memcpy_w.o)
    0x080003f8   0x080003f8   0x0000004e   Code   RO         6204    .text               c_w.l(rt_memclr_w.o)
    0x08000446   0x08000446   0x00000006   Code   RO         6206    .text               c_w.l(heapauxi.o)
    0x0800044c   0x0800044c   0x00000024   Code   RO         6215    .text               c_w.l(_printf_char_file.o)
    0x08000470   0x08000470   0x00000030   Code   RO         6234    .text               c_w.l(_printf_char_common.o)
    0x080004a0   0x080004a0   0x00000008   Code   RO         6236    .text               c_w.l(ferror.o)
    0x080004a8   0x080004a8   0x0000004a   Code   RO         6240    .text               c_w.l(sys_stackheap_outer.o)
    0x080004f2   0x080004f2   0x00000028   Code   RO         6242    .text               c_w.l(__printf_nopercent.o)
    0x0800051a   0x0800051a   0x00000012   Code   RO         6244    .text               c_w.l(exit.o)
    0x0800052c   0x0800052c   0x00000008   Code   RO         6256    .text               c_w.l(libspace.o)
    0x08000534   0x08000534   0x0000003c   Code   RO         5714    i.BSP_LCD_Clear     stm32f429i_discovery_lcd.o
    0x08000570   0x08000570   0x00000034   Code   RO         5716    i.BSP_LCD_DisplayChar  stm32f429i_discovery_lcd.o
    0x080005a4   0x080005a4   0x00000014   Code   RO         5718    i.BSP_LCD_DisplayOn  stm32f429i_discovery_lcd.o
    0x080005b8   0x080005b8   0x000000c4   Code   RO         5719    i.BSP_LCD_DisplayStringAt  stm32f429i_discovery_lcd.o
    0x0800067c   0x0800067c   0x0000001c   Code   RO         5720    i.BSP_LCD_DisplayStringAtLine  stm32f429i_discovery_lcd.o
    0x08000698   0x08000698   0x00000034   Code   RO         5726    i.BSP_LCD_DrawPixel  stm32f429i_discovery_lcd.o
    0x080006cc   0x080006cc   0x0000001c   Code   RO         5736    i.BSP_LCD_GetFont   stm32f429i_discovery_lcd.o
    0x080006e8   0x080006e8   0x0000000c   Code   RO         5738    i.BSP_LCD_GetXSize  stm32f429i_discovery_lcd.o
    0x080006f4   0x080006f4   0x0000000c   Code   RO         5739    i.BSP_LCD_GetYSize  stm32f429i_discovery_lcd.o
    0x08000700   0x08000700   0x00000094   Code   RO         5740    i.BSP_LCD_Init      stm32f429i_discovery_lcd.o
    0x08000794   0x08000794   0x00000080   Code   RO         5741    i.BSP_LCD_LayerDefaultInit  stm32f429i_discovery_lcd.o
    0x08000814   0x08000814   0x0000012c   Code   RO         5742    i.BSP_LCD_MspInit   stm32f429i_discovery_lcd.o
    0x08000940   0x08000940   0x0000000c   Code   RO         5747    i.BSP_LCD_SelectLayer  stm32f429i_discovery_lcd.o
    0x0800094c   0x0800094c   0x0000001c   Code   RO         5748    i.BSP_LCD_SetBackColor  stm32f429i_discovery_lcd.o
    0x08000968   0x08000968   0x0000001c   Code   RO         5751    i.BSP_LCD_SetFont   stm32f429i_discovery_lcd.o
    0x08000984   0x08000984   0x00000018   Code   RO         5758    i.BSP_LCD_SetTextColor  stm32f429i_discovery_lcd.o
    0x0800099c   0x0800099c   0x00000078   Code   RO         6062    i.BSP_SDRAM_Init    stm32f429i_discovery_sdram.o
    0x08000a14   0x08000a14   0x00000088   Code   RO         6063    i.BSP_SDRAM_Initialization_sequence  stm32f429i_discovery_sdram.o
    0x08000a9c   0x08000a9c   0x00000164   Code   RO         6065    i.BSP_SDRAM_MspInit  stm32f429i_discovery_sdram.o
    0x08000c00   0x08000c00   0x00000038   Code   RO         6146    i.BSP_TS_Init       stm32f429i_discovery_ts.o
    0x08000c38   0x08000c38   0x00000002   Code   RO          725    i.BusFault_Handler  stm32f4xx_it.o
    0x08000c3a   0x08000c3a   0x00000002   PAD
    0x08000c3c   0x08000c3c   0x0000000c   Code   RO          726    i.DMA2D_IRQHandler  stm32f4xx_it.o
    0x08000c48   0x08000c48   0x00000096   Code   RO         2171    i.DMA2D_SetConfig   stm32f4xx_hal_dma2d.o
    0x08000cde   0x08000cde   0x00000002   PAD
    0x08000ce0   0x08000ce0   0x00000028   Code   RO         1468    i.DMA_CalcBaseAndBitshift  stm32f4xx_hal_dma.o
    0x08000d08   0x08000d08   0x00000054   Code   RO         1469    i.DMA_CheckFifoParam  stm32f4xx_hal_dma.o
    0x08000d5c   0x08000d5c   0x00000002   Code   RO          727    i.DebugMon_Handler  stm32f4xx_it.o
    0x08000d5e   0x08000d5e   0x00000002   PAD
    0x08000d60   0x08000d60   0x000000b4   Code   RO         5762    i.DrawChar          stm32f429i_discovery_lcd.o
    0x08000e14   0x08000e14   0x0000004c   Code   RO           13    i.Enviar_Mensaje    lcd_tft.o
    0x08000e60   0x08000e60   0x00000004   Code   RO          244    i.Error_Handler     main.o
    0x08000e64   0x08000e64   0x000001a0   Code   RO         2400    i.FMC_SDRAM_Init    stm32f4xx_ll_fmc.o
    0x08001004   0x08001004   0x00000074   Code   RO         2401    i.FMC_SDRAM_ProgramRefreshRate  stm32f4xx_ll_fmc.o
    0x08001078   0x08001078   0x00000100   Code   RO         2402    i.FMC_SDRAM_SendCommand  stm32f4xx_ll_fmc.o
    0x08001178   0x08001178   0x00000190   Code   RO         2404    i.FMC_SDRAM_Timing_Init  stm32f4xx_ll_fmc.o
    0x08001308   0x08001308   0x00000060   Code   RO         5763    i.FillBuffer        stm32f429i_discovery_lcd.o
    0x08001368   0x08001368   0x00000070   Code   RO          886    i.HAL_CRC_Init      stm32f4xx_hal_crc.o
    0x080013d8   0x080013d8   0x00000028   Code   RO          384    i.HAL_CRC_MspInit   crc.o
    0x08001400   0x08001400   0x00000002   Code   RO         2177    i.HAL_DMA2D_CLUTLoadingCpltCallback  stm32f4xx_hal_dma2d.o
    0x08001402   0x08001402   0x00000002   PAD
    0x08001404   0x08001404   0x0000015c   Code   RO         2185    i.HAL_DMA2D_ConfigLayer  stm32f4xx_hal_dma2d.o
    0x08001560   0x08001560   0x0000011e   Code   RO         2192    i.HAL_DMA2D_IRQHandler  stm32f4xx_hal_dma2d.o
    0x0800167e   0x0800167e   0x00000002   PAD
    0x08001680   0x08001680   0x000000f4   Code   RO         2193    i.HAL_DMA2D_Init    stm32f4xx_hal_dma2d.o
    0x08001774   0x08001774   0x00000002   Code   RO         2194    i.HAL_DMA2D_LineEventCallback  stm32f4xx_hal_dma2d.o
    0x08001776   0x08001776   0x00000002   PAD
    0x08001778   0x08001778   0x0000003c   Code   RO          426    i.HAL_DMA2D_MspInit  dma2d.o
    0x080017b4   0x080017b4   0x00000110   Code   RO         2197    i.HAL_DMA2D_PollForTransfer  stm32f4xx_hal_dma2d.o
    0x080018c4   0x080018c4   0x000000a0   Code   RO         2200    i.HAL_DMA2D_Start   stm32f4xx_hal_dma2d.o
    0x08001964   0x08001964   0x0000012c   Code   RO         1473    i.HAL_DMA_DeInit    stm32f4xx_hal_dma.o
    0x08001a90   0x08001a90   0x000002e0   Code   RO         1477    i.HAL_DMA_Init      stm32f4xx_hal_dma.o
    0x08001d70   0x08001d70   0x00000024   Code   RO         1908    i.HAL_Delay         stm32f4xx_hal.o
    0x08001d94   0x08001d94   0x000000dc   Code   RO          467    i.HAL_FMC_MspInit   fmc.o
    0x08001e70   0x08001e70   0x00000218   Code   RO         1361    i.HAL_GPIO_DeInit   stm32f4xx_hal_gpio.o
    0x08002088   0x08002088   0x00000328   Code   RO         1364    i.HAL_GPIO_Init     stm32f4xx_hal_gpio.o
    0x080023b0   0x080023b0   0x0000006c   Code   RO         1368    i.HAL_GPIO_WritePin  stm32f4xx_hal_gpio.o
    0x0800241c   0x0800241c   0x0000000c   Code   RO         1916    i.HAL_GetTick       stm32f4xx_hal.o
    0x08002428   0x08002428   0x000000bc   Code   RO         3163    i.HAL_I2CEx_ConfigAnalogFilter  stm32f4xx_hal_i2c_ex.o
    0x080024e4   0x080024e4   0x000000b4   Code   RO         3164    i.HAL_I2CEx_ConfigDigitalFilter  stm32f4xx_hal_i2c_ex.o
    0x08002598   0x08002598   0x00000094   Code   RO         2733    i.HAL_I2C_DeInit    stm32f4xx_hal_i2c.o
    0x0800262c   0x0800262c   0x00000006   Code   RO         2741    i.HAL_I2C_GetState  stm32f4xx_hal_i2c.o
    0x08002632   0x08002632   0x00000002   PAD
    0x08002634   0x08002634   0x00000288   Code   RO         2742    i.HAL_I2C_Init      stm32f4xx_hal_i2c.o
    0x080028bc   0x080028bc   0x00000240   Code   RO         2760    i.HAL_I2C_Mem_Read  stm32f4xx_hal_i2c.o
    0x08002afc   0x08002afc   0x0000017c   Code   RO         2763    i.HAL_I2C_Mem_Write  stm32f4xx_hal_i2c.o
    0x08002c78   0x08002c78   0x0000003c   Code   RO          515    i.HAL_I2C_MspDeInit  i2c.o
    0x08002cb4   0x08002cb4   0x00000090   Code   RO          516    i.HAL_I2C_MspInit   i2c.o
    0x08002d44   0x08002d44   0x00000010   Code   RO         1922    i.HAL_IncTick       stm32f4xx_hal.o
    0x08002d54   0x08002d54   0x00000034   Code   RO         1923    i.HAL_Init          stm32f4xx_hal.o
    0x08002d88   0x08002d88   0x00000074   Code   RO          843    i.HAL_InitTick      stm32f4xx_hal_timebase_tim.o
    0x08002dfc   0x08002dfc   0x00000180   Code   RO         3196    i.HAL_LTDC_ConfigLayer  stm32f4xx_hal_ltdc.o
    0x08002f7c   0x08002f7c   0x00000030   Code   RO         3208    i.HAL_LTDC_EnableDither  stm32f4xx_hal_ltdc.o
    0x08002fac   0x08002fac   0x00000002   Code   RO         3209    i.HAL_LTDC_ErrorCallback  stm32f4xx_hal_ltdc.o
    0x08002fae   0x08002fae   0x000000ca   Code   RO         3212    i.HAL_LTDC_IRQHandler  stm32f4xx_hal_ltdc.o
    0x08003078   0x08003078   0x00000204   Code   RO         3213    i.HAL_LTDC_Init     stm32f4xx_hal_ltdc.o
    0x0800327c   0x0800327c   0x00000002   Code   RO         3214    i.HAL_LTDC_LineEventCallback  stm32f4xx_hal_ltdc.o
    0x0800327e   0x0800327e   0x00000002   PAD
    0x08003280   0x08003280   0x000001ac   Code   RO          558    i.HAL_LTDC_MspInit  ltdc.o
    0x0800342c   0x0800342c   0x00000002   Code   RO         3219    i.HAL_LTDC_ReloadEventCallback  stm32f4xx_hal_ltdc.o
    0x0800342e   0x0800342e   0x00000002   PAD
    0x08003430   0x08003430   0x00000030   Code   RO          819    i.HAL_MspInit       stm32f4xx_hal_msp.o
    0x08003460   0x08003460   0x00000064   Code   RO         1771    i.HAL_NVIC_EnableIRQ  stm32f4xx_hal_cortex.o
    0x080034c4   0x080034c4   0x000000a0   Code   RO         1777    i.HAL_NVIC_SetPriority  stm32f4xx_hal_cortex.o
    0x08003564   0x08003564   0x00000080   Code   RO         1778    i.HAL_NVIC_SetPriorityGrouping  stm32f4xx_hal_cortex.o
    0x080035e4   0x080035e4   0x00000070   Code   RO         1700    i.HAL_PWREx_EnableOverDrive  stm32f4xx_hal_pwr_ex.o
    0x08003654   0x08003654   0x000004c8   Code   RO         1050    i.HAL_RCCEx_PeriphCLKConfig  stm32f4xx_hal_rcc_ex.o
    0x08003b1c   0x08003b1c   0x0000026c   Code   RO          943    i.HAL_RCC_ClockConfig  stm32f4xx_hal_rcc.o
    0x08003d88   0x08003d88   0x00000040   Code   RO          947    i.HAL_RCC_GetClockConfig  stm32f4xx_hal_rcc.o
    0x08003dc8   0x08003dc8   0x00000020   Code   RO          950    i.HAL_RCC_GetPCLK1Freq  stm32f4xx_hal_rcc.o
    0x08003de8   0x08003de8   0x00000020   Code   RO          951    i.HAL_RCC_GetPCLK2Freq  stm32f4xx_hal_rcc.o
    0x08003e08   0x08003e08   0x00000060   Code   RO          952    i.HAL_RCC_GetSysClockFreq  stm32f4xx_hal_rcc.o
    0x08003e68   0x08003e68   0x000004a8   Code   RO          955    i.HAL_RCC_OscConfig  stm32f4xx_hal_rcc.o
    0x08004310   0x08004310   0x00000042   Code   RO         2566    i.HAL_SDRAM_Init    stm32f4xx_hal_sdram.o
    0x08004352   0x08004352   0x00000004   Code   RO          469    i.HAL_SDRAM_MspInit  fmc.o
    0x08004356   0x08004356   0x0000002e   Code   RO         2569    i.HAL_SDRAM_ProgramRefreshRate  stm32f4xx_hal_sdram.o
    0x08004384   0x08004384   0x0000003c   Code   RO         2575    i.HAL_SDRAM_SendCommand  stm32f4xx_hal_sdram.o
    0x080043c0   0x080043c0   0x000000b0   Code   RO         3492    i.HAL_SPI_DeInit    stm32f4xx_hal_spi.o
    0x08004470   0x08004470   0x00000006   Code   RO         3495    i.HAL_SPI_GetState  stm32f4xx_hal_spi.o
    0x08004476   0x08004476   0x00000002   PAD
    0x08004478   0x08004478   0x00000268   Code   RO         3497    i.HAL_SPI_Init      stm32f4xx_hal_spi.o
    0x080046e0   0x080046e0   0x0000002c   Code   RO          599    i.HAL_SPI_MspDeInit  spi.o
    0x0800470c   0x0800470c   0x00000068   Code   RO          600    i.HAL_SPI_MspInit   spi.o
    0x08004774   0x08004774   0x0000015a   Code   RO         3500    i.HAL_SPI_Receive   stm32f4xx_hal_spi.o
    0x080048ce   0x080048ce   0x00000002   PAD
    0x080048d0   0x080048d0   0x000001b4   Code   RO         3505    i.HAL_SPI_Transmit  stm32f4xx_hal_spi.o
    0x08004a84   0x08004a84   0x00000228   Code   RO         3506    i.HAL_SPI_TransmitReceive  stm32f4xx_hal_spi.o
    0x08004cac   0x08004cac   0x00000002   Code   RO         4515    i.HAL_TIMEx_BreakCallback  stm32f4xx_hal_tim_ex.o
    0x08004cae   0x08004cae   0x00000002   Code   RO         4516    i.HAL_TIMEx_CommutCallback  stm32f4xx_hal_tim_ex.o
    0x08004cb0   0x08004cb0   0x00000150   Code   RO         4534    i.HAL_TIMEx_MasterConfigSynchronization  stm32f4xx_hal_tim_ex.o
    0x08004e00   0x08004e00   0x00000170   Code   RO         3810    i.HAL_TIM_Base_Init  stm32f4xx_hal_tim.o
    0x08004f70   0x08004f70   0x00000028   Code   RO          642    i.HAL_TIM_Base_MspInit  tim.o
    0x08004f98   0x08004f98   0x00000130   Code   RO         3815    i.HAL_TIM_Base_Start_IT  stm32f4xx_hal_tim.o
    0x080050c8   0x080050c8   0x00000410   Code   RO         3819    i.HAL_TIM_ConfigClockSource  stm32f4xx_hal_tim.o
    0x080054d8   0x080054d8   0x00000002   Code   RO         3844    i.HAL_TIM_IC_CaptureCallback  stm32f4xx_hal_tim.o
    0x080054da   0x080054da   0x00000166   Code   RO         3858    i.HAL_TIM_IRQHandler  stm32f4xx_hal_tim.o
    0x08005640   0x08005640   0x00000002   Code   RO         3861    i.HAL_TIM_OC_DelayElapsedCallback  stm32f4xx_hal_tim.o
    0x08005642   0x08005642   0x00000002   Code   RO         3888    i.HAL_TIM_PWM_PulseFinishedCallback  stm32f4xx_hal_tim.o
    0x08005644   0x08005644   0x00000014   Code   RO          245    i.HAL_TIM_PeriodElapsedCallback  main.o
    0x08005658   0x08005658   0x00000002   Code   RO         3901    i.HAL_TIM_TriggerCallback  stm32f4xx_hal_tim.o
    0x0800565a   0x0800565a   0x00000002   PAD
    0x0800565c   0x0800565c   0x00000160   Code   RO         4811    i.HAL_UART_Init     stm32f4xx_hal_uart.o
    0x080057bc   0x080057bc   0x0000006c   Code   RO          684    i.HAL_UART_MspInit  usart.o
    0x08005828   0x08005828   0x00000002   Code   RO          728    i.HardFault_Handler  stm32f4xx_it.o
    0x0800582a   0x0800582a   0x0000002e   Code   RO         2784    i.I2C_IsAcknowledgeFailed  stm32f4xx_hal_i2c.o
    0x08005858   0x08005858   0x000000fc   Code   RO         2794    i.I2C_RequestMemoryRead  stm32f4xx_hal_i2c.o
    0x08005954   0x08005954   0x000000a8   Code   RO         2795    i.I2C_RequestMemoryWrite  stm32f4xx_hal_i2c.o
    0x080059fc   0x080059fc   0x0000004c   Code   RO         2799    i.I2C_WaitOnBTFFlagUntilTimeout  stm32f4xx_hal_i2c.o
    0x08005a48   0x08005a48   0x00000068   Code   RO         2800    i.I2C_WaitOnFlagUntilTimeout  stm32f4xx_hal_i2c.o
    0x08005ab0   0x08005ab0   0x00000096   Code   RO         2801    i.I2C_WaitOnMasterAddressFlagUntilTimeout  stm32f4xx_hal_i2c.o
    0x08005b46   0x08005b46   0x00000066   Code   RO         2802    i.I2C_WaitOnRXNEFlagUntilTimeout  stm32f4xx_hal_i2c.o
    0x08005bac   0x08005bac   0x0000004c   Code   RO         2803    i.I2C_WaitOnTXEFlagUntilTimeout  stm32f4xx_hal_i2c.o
    0x08005bf8   0x08005bf8   0x00000014   Code   RO         5466    i.I2Cx_Error        stm32f429i_discovery.o
    0x08005c0c   0x08005c0c   0x00000048   Code   RO         5467    i.I2Cx_Init         stm32f429i_discovery.o
    0x08005c54   0x08005c54   0x000000b8   Code   RO         5468    i.I2Cx_MspInit      stm32f429i_discovery.o
    0x08005d0c   0x08005d0c   0x00000004   Code   RO         5469    i.IOE_Delay         stm32f429i_discovery.o
    0x08005d10   0x08005d10   0x00000050   Code   RO         5470    i.IOE_ITConfig      stm32f429i_discovery.o
    0x08005d60   0x08005d60   0x00000004   Code   RO         5471    i.IOE_Init          stm32f429i_discovery.o
    0x08005d64   0x08005d64   0x00000034   Code   RO         5472    i.IOE_Read          stm32f429i_discovery.o
    0x08005d98   0x08005d98   0x00000030   Code   RO         5473    i.IOE_ReadMultiple  stm32f429i_discovery.o
    0x08005dc8   0x08005dc8   0x00000030   Code   RO         5474    i.IOE_Write         stm32f429i_discovery.o
    0x08005df8   0x08005df8   0x00000004   Code   RO         5476    i.LCD_Delay         stm32f429i_discovery.o
    0x08005dfc   0x08005dfc   0x000000a8   Code   RO         5477    i.LCD_IO_Init       stm32f429i_discovery.o
    0x08005ea4   0x08005ea4   0x0000006c   Code   RO         5478    i.LCD_IO_ReadData   stm32f429i_discovery.o
    0x08005f10   0x08005f10   0x00000038   Code   RO         5479    i.LCD_IO_WriteData  stm32f429i_discovery.o
    0x08005f48   0x08005f48   0x00000038   Code   RO         5480    i.LCD_IO_WriteReg   stm32f429i_discovery.o
    0x08005f80   0x08005f80   0x0000000c   Code   RO          729    i.LTDC_IRQHandler   stm32f4xx_it.o
    0x08005f8c   0x08005f8c   0x00000162   Code   RO         3232    i.LTDC_SetConfig    stm32f4xx_hal_ltdc.o
    0x080060ee   0x080060ee   0x00000002   PAD
    0x080060f0   0x080060f0   0x00000024   Code   RO          385    i.MX_CRC_Init       crc.o
    0x08006114   0x08006114   0x00000040   Code   RO          427    i.MX_DMA2D_Init     dma2d.o
    0x08006154   0x08006154   0x00000068   Code   RO          470    i.MX_FMC_Init       fmc.o
    0x080061bc   0x080061bc   0x00000224   Code   RO          359    i.MX_GPIO_Init      gpio.o
    0x080063e0   0x080063e0   0x0000005c   Code   RO          517    i.MX_I2C3_Init      i2c.o
    0x0800643c   0x0800643c   0x000000b0   Code   RO          559    i.MX_LTDC_Init      ltdc.o
    0x080064ec   0x080064ec   0x00000048   Code   RO          601    i.MX_SPI5_Init      spi.o
    0x08006534   0x08006534   0x00000068   Code   RO          643    i.MX_TIM1_Init      tim.o
    0x0800659c   0x0800659c   0x00000038   Code   RO          685    i.MX_USART1_UART_Init  usart.o
    0x080065d4   0x080065d4   0x00000002   Code   RO          730    i.MemManage_Handler  stm32f4xx_it.o
    0x080065d6   0x080065d6   0x00000002   Code   RO          731    i.NMI_Handler       stm32f4xx_it.o
    0x080065d8   0x080065d8   0x00000002   Code   RO          732    i.PendSV_Handler    stm32f4xx_it.o
    0x080065da   0x080065da   0x0000005c   Code   RO         3534    i.SPI_EndRxTransaction  stm32f4xx_hal_spi.o
    0x08006636   0x08006636   0x00000002   PAD
    0x08006638   0x08006638   0x00000058   Code   RO         3535    i.SPI_EndRxTxTransaction  stm32f4xx_hal_spi.o
    0x08006690   0x08006690   0x000000b8   Code   RO         3540    i.SPI_WaitFlagStateUntilTimeout  stm32f4xx_hal_spi.o
    0x08006748   0x08006748   0x00000014   Code   RO         5481    i.SPIx_Error        stm32f429i_discovery.o
    0x0800675c   0x0800675c   0x0000009c   Code   RO         5482    i.SPIx_Init         stm32f429i_discovery.o
    0x080067f8   0x080067f8   0x00000024   Code   RO         5483    i.SPIx_Write        stm32f429i_discovery.o
    0x0800681c   0x0800681c   0x00000002   Code   RO          733    i.SVC_Handler       stm32f4xx_it.o
    0x0800681e   0x0800681e   0x00000002   Code   RO          734    i.SysTick_Handler   stm32f4xx_it.o
    0x08006820   0x08006820   0x000000a0   Code   RO          246    i.SystemClock_Config  main.o
    0x080068c0   0x080068c0   0x00000010   Code   RO         5140    i.SystemInit        system_stm32f4xx.o
    0x080068d0   0x080068d0   0x0000000c   Code   RO          735    i.TIM6_DAC_IRQHandler  stm32f4xx_it.o
    0x080068dc   0x080068dc   0x000000c8   Code   RO         3903    i.TIM_Base_SetConfig  stm32f4xx_hal_tim.o
    0x080069a4   0x080069a4   0x00000014   Code   RO         3914    i.TIM_ETR_SetConfig  stm32f4xx_hal_tim.o
    0x080069b8   0x080069b8   0x00000010   Code   RO         3915    i.TIM_ITRx_SetConfig  stm32f4xx_hal_tim.o
    0x080069c8   0x080069c8   0x00000022   Code   RO         3921    i.TIM_TI1_ConfigInputStage  stm32f4xx_hal_tim.o
    0x080069ea   0x080069ea   0x00000024   Code   RO         3923    i.TIM_TI2_ConfigInputStage  stm32f4xx_hal_tim.o
    0x08006a0e   0x08006a0e   0x00000002   PAD
    0x08006a10   0x08006a10   0x000001a0   Code   RO         4837    i.UART_SetConfig    stm32f4xx_hal_uart.o
    0x08006bb0   0x08006bb0   0x00000002   Code   RO          736    i.UsageFault_Handler  stm32f4xx_it.o
    0x08006bb2   0x08006bb2   0x00000020   Code   RO         1784    i.__NVIC_SetPriority  stm32f4xx_hal_cortex.o
    0x08006bd2   0x08006bd2   0x00000002   Code   RO          195    i._sys_exit         redirect.o
    0x08006bd4   0x08006bd4   0x00000002   Code   RO          247    i.assert_failed     main.o
    0x08006bd6   0x08006bd6   0x00000006   Code   RO          196    i.fputc             redirect.o
    0x08006bdc   0x08006bdc   0x00000006   Code   RO         5174    i.ili9341_DisplayOff  ili9341.o
    0x08006be2   0x08006be2   0x00000006   Code   RO         5175    i.ili9341_DisplayOn  ili9341.o
    0x08006be8   0x08006be8   0x00000006   Code   RO         5176    i.ili9341_GetLcdPixelHeight  ili9341.o
    0x08006bee   0x08006bee   0x00000004   Code   RO         5177    i.ili9341_GetLcdPixelWidth  ili9341.o
    0x08006bf2   0x08006bf2   0x00000292   Code   RO         5178    i.ili9341_Init      ili9341.o
    0x08006e84   0x08006e84   0x00000012   Code   RO         5180    i.ili9341_ReadID    ili9341.o
    0x08006e96   0x08006e96   0x00000002   PAD
    0x08006e98   0x08006e98   0x0000009c   Code   RO          248    i.main              main.o
    0x08006f34   0x08006f34   0x0000000a   Code   RO         5242    i.stmpe811_ClearGlobalIT  stmpe811.o
    0x08006f3e   0x08006f3e   0x0000001c   Code   RO         5243    i.stmpe811_DisableGlobalIT  stmpe811.o
    0x08006f5a   0x08006f5a   0x0000001e   Code   RO         5244    i.stmpe811_DisableITSource  stmpe811.o
    0x08006f78   0x08006f78   0x0000001c   Code   RO         5245    i.stmpe811_EnableGlobalIT  stmpe811.o
    0x08006f94   0x08006f94   0x0000001e   Code   RO         5246    i.stmpe811_EnableITSource  stmpe811.o
    0x08006fb2   0x08006fb2   0x00000002   PAD
    0x08006fb4   0x08006fb4   0x0000001c   Code   RO         5247    i.stmpe811_GetInstance  stmpe811.o
    0x08006fd0   0x08006fd0   0x0000001e   Code   RO         5254    i.stmpe811_IO_EnableAF  stmpe811.o
    0x08006fee   0x08006fee   0x00000002   PAD
    0x08006ff0   0x08006ff0   0x00000030   Code   RO         5263    i.stmpe811_Init     stmpe811.o
    0x08007020   0x08007020   0x00000020   Code   RO         5265    i.stmpe811_ReadID   stmpe811.o
    0x08007040   0x08007040   0x00000028   Code   RO         5266    i.stmpe811_Reset    stmpe811.o
    0x08007068   0x08007068   0x00000006   Code   RO         5269    i.stmpe811_TS_ClearIT  stmpe811.o
    0x0800706e   0x0800706e   0x00000036   Code   RO         5270    i.stmpe811_TS_DetectTouch  stmpe811.o
    0x080070a4   0x080070a4   0x00000014   Code   RO         5271    i.stmpe811_TS_DisableIT  stmpe811.o
    0x080070b8   0x080070b8   0x0000001a   Code   RO         5272    i.stmpe811_TS_EnableIT  stmpe811.o
    0x080070d2   0x080070d2   0x0000004a   Code   RO         5273    i.stmpe811_TS_GetXY  stmpe811.o
    0x0800711c   0x0800711c   0x00000010   Code   RO         5274    i.stmpe811_TS_ITStatus  stmpe811.o
    0x0800712c   0x0800712c   0x000000a2   Code   RO         5275    i.stmpe811_TS_Start  stmpe811.o
    0x080071ce   0x080071ce   0x0000000a   Code   RO         6325    x$fpl$fpinit        fz_wm.l(fpinit.o)
    0x080071d8   0x080071d8   0x00000008   Data   RO         1483    .constdata          stm32f4xx_hal_dma.o
    0x080071e0   0x080071e0   0x00000010   Data   RO         5141    .constdata          system_stm32f4xx.o
    0x080071f0   0x080071f0   0x00000008   Data   RO         5142    .constdata          system_stm32f4xx.o
    0x080071f8   0x080071f8   0x00001ab8   Data   RO         5765    .constdata          stm32f429i_discovery_lcd.o
    0x08008cb0   0x08008cb0   0x00000020   Data   RO         6381    Region$$Table       anon$$obj.o


    Execution Region RW_IRAM1 (Exec base: 0x20000000, Load base: 0x08008cd0, Size: 0x00000cd8, Max: 0x00030000, ABSOLUTE)

    Exec Addr    Load Addr    Size         Type   Attr      Idx    E Section Name        Object

    0x20000000   0x08008cd0   0x00000002   Data   RW           15    .data               lcd_tft.o
    0x20000002   0x08008cd2   0x00000002   PAD
    0x20000004   0x08008cd4   0x00000004   Data   RW          197    .data               redirect.o
    0x20000008   0x08008cd8   0x00000008   Data   RW          386    .data               crc.o
    0x20000010   0x08008ce0   0x00000008   Data   RW          472    .data               fmc.o
    0x20000018   0x08008ce8   0x0000000c   Data   RW         1930    .data               stm32f4xx_hal.o
    0x20000024   0x08008cf4   0x00000004   Data   RW         5143    .data               system_stm32f4xx.o
    0x20000028   0x08008cf8   0x00000038   Data   RW         5183    .data               ili9341.o
    0x20000060   0x08008d30   0x00000028   Data   RW         5276    .data               stmpe811.o
    0x20000088   0x08008d58   0x00000002   Data   RW         5278    .data               stmpe811.o
    0x2000008a   0x08008d5a   0x00000002   PAD
    0x2000008c   0x08008d5c   0x00000018   Data   RW         5487    .data               stm32f429i_discovery.o
    0x200000a4   0x08008d74   0x00000010   Data   RW         5770    .data               stm32f429i_discovery_lcd.o
    0x200000b4   0x08008d84   0x00000001   Data   RW         6072    .data               stm32f429i_discovery_sdram.o
    0x200000b5   0x08008d85   0x00000003   PAD
    0x200000b8   0x08008d88   0x00000010   Data   RW         6147    .data               stm32f429i_discovery_ts.o
    0x200000c8        -       0x00000014   Zero   RW           14    .bss                lcd_tft.o
    0x200000dc        -       0x00000040   Zero   RW          428    .bss                dma2d.o
    0x2000011c        -       0x00000034   Zero   RW          471    .bss                fmc.o
    0x20000150        -       0x00000054   Zero   RW          518    .bss                i2c.o
    0x200001a4        -       0x000000a8   Zero   RW          560    .bss                ltdc.o
    0x2000024c        -       0x00000058   Zero   RW          602    .bss                spi.o
    0x200002a4        -       0x00000048   Zero   RW          644    .bss                tim.o
    0x200002ec        -       0x00000044   Zero   RW          686    .bss                usart.o
    0x20000330        -       0x00000048   Zero   RW          846    .bss                stm32f4xx_hal_timebase_tim.o
    0x20000378        -       0x000000ac   Zero   RW         5485    .bss                stm32f429i_discovery.o
    0x20000424        -       0x00000130   Zero   RW         5764    .bss                stm32f429i_discovery_lcd.o
    0x20000554        -       0x00000120   Zero   RW         6071    .bss                stm32f429i_discovery_sdram.o
    0x20000674        -       0x00000060   Zero   RW         6257    .bss                c_w.l(libspace.o)
    0x200006d4   0x08008d98   0x00000004   PAD
    0x200006d8        -       0x00000200   Zero   RW            2    HEAP                startup_stm32f429xx.o
    0x200008d8        -       0x00000400   Zero   RW            1    STACK               startup_stm32f429xx.o

